[  3%] Building CXX object _deps/tetgen-build/CMakeFiles/tetgen.dir/tetgen.cxx.o
[  3%] Building CXX object _deps/spdlog-build/CMakeFiles/spdlog.dir/src/color_sinks.cpp.o
[  5%] Building CXX object _deps/spdlog-build/CMakeFiles/spdlog.dir/src/spdlog.cpp.o
[  9%] Building CXX object _deps/yaml-cpp-build/CMakeFiles/yaml-cpp.dir/src/binary.cpp.o
[  9%] Building CXX object _deps/tetgen-build/CMakeFiles/tetgen.dir/predicates.cxx.o
[ 10%] Building CXX object CMakeFiles/tetgen_lib.dir/_deps/tetgen-src/predicates.cxx.o
[ 12%] Building CXX object CMakeFiles/tetgen_lib.dir/_deps/tetgen-src/tetgen_mod.cxx.o
[ 14%] Building CXX object _deps/spdlog-build/CMakeFiles/spdlog.dir/src/stdout_sinks.cpp.o
/Users/macos/Desktop/Rust/rustcode/Ryugu_H_Cal/native/esa-build/_deps/tetgen-src/tetgen.cxx:2506:3: warning: 'sprintf' is deprecated: This function is provided for compatibility reasons only.  Due to security concerns inherent in the design of sprintf(3), it is highly recommended that you use snprintf(3) instead. [-Wdeprecated-declarations]
 2506 |   sprintf(outnodefilename, "%s.node", filebasename);
      |   ^
/Applications/Xcode.app/Contents/Developer/Platforms/MacOSX.platform/Developer/SDKs/MacOSX.sdk/usr/include/_stdio.h:278:1: note: 'sprintf' has been explicitly marked deprecated here
  278 | __deprecated_msg("This function is provided for compatibility reasons only.  Due to security concerns inherent in the design of sprintf(3), it is highly recommended that you use snprintf(3) instead.")
      | ^
/Applications/Xcode.app/Contents/Developer/Platforms/MacOSX.platform/Developer/SDKs/MacOSX.sdk/usr/include/sys/cdefs.h:227:48: note: expanded from macro '__deprecated_msg'
  227 |         #define __deprecated_msg(_msg) __attribute__((__deprecated__(_msg)))
      |                                                       ^
/Users/macos/Desktop/Rust/rustcode/Ryugu_H_Cal/native/esa-build/_deps/tetgen-src/tetgen.cxx:2532:5: warning: 'sprintf' is deprecated: This function is provided for compatibility reasons only.  Due to security concerns inherent in the design of sprintf(3), it is highly recommended that you use snprintf(3) instead. [-Wdeprecated-declarations]
 2532 |     sprintf(outmtrfilename, "%s.mtr", filebasename);
      |     ^
/Applications/Xcode.app/Contents/Developer/Platforms/MacOSX.platform/Developer/SDKs/MacOSX.sdk/usr/include/_stdio.h:278:1: note: 'sprintf' has been explicitly marked deprecated here
  278 | __deprecated_msg("This function is provided for compatibility reasons only.  Due to security concerns inherent in the design of sprintf(3), it is highly recommended that you use snprintf(3) instead.")
      | ^
/Applications/Xcode.app/Contents/Developer/Platforms/MacOSX.platform/Developer/SDKs/MacOSX.sdk/usr/include/sys/cdefs.h:227:48: note: expanded from macro '__deprecated_msg'
  227 |         #define __deprecated_msg(_msg) __attribute__((__deprecated__(_msg)))
      |                                                       ^
/Users/macos/Desktop/Rust/rustcode/Ryugu_H_Cal/native/esa-build/_deps/tetgen-src/tetgen.cxx:2558:3: warning: 'sprintf' is deprecated: This function is provided for compatibility reasons only.  Due to security concerns inherent in the design of sprintf(3), it is highly recommended that you use snprintf(3) instead. [-Wdeprecated-declarations]
 2558 |   sprintf(outelefilename, "%s.ele", filebasename);
      |   ^
/Applications/Xcode.app/Contents/Developer/Platforms/MacOSX.platform/Developer/SDKs/MacOSX.sdk/usr/include/_stdio.h:278:1: note: 'sprintf' has been explicitly marked deprecated here
  278 | __deprecated_msg("This function is provided for compatibility reasons only.  Due to security concerns inherent in the design of sprintf(3), it is highly recommended that you use snprintf(3) instead.")
      | ^
/Applications/Xcode.app/Contents/Developer/Platforms/MacOSX.platform/Developer/SDKs/MacOSX.sdk/usr/include/sys/cdefs.h:227:48: note: expanded from macro '__deprecated_msg'
  227 |         #define __deprecated_msg(_msg) __attribute__((__deprecated__(_msg)))
      |                                                       ^
/Users/macos/Desktop/Rust/rustcode/Ryugu_H_Cal/native/esa-build/_deps/tetgen-src/tetgen.cxx:2605:3: warning: 'sprintf' is deprecated: This function is provided for compatibility reasons only.  Due to security concerns inherent in the design of sprintf(3), it is highly recommended that you use snprintf(3) instead. [-Wdeprecated-declarations]
 2605 |   sprintf(outfacefilename, "%s.face", filebasename);
      |   ^
/Applications/Xcode.app/Contents/Developer/Platforms/MacOSX.platform/Developer/SDKs/MacOSX.sdk/usr/include/_stdio.h:278:1: note: 'sprintf' has been explicitly marked deprecated here
  278 | __deprecated_msg("This function is provided for compatibility reasons only.  Due to security concerns inherent in the design of sprintf(3), it is highly recommended that you use snprintf(3) instead.")
      | ^
/Applications/Xcode.app/Contents/Developer/Platforms/MacOSX.platform/Developer/SDKs/MacOSX.sdk/usr/include/sys/cdefs.h:227:48: note: expanded from macro '__deprecated_msg'
  227 |         #define __deprecated_msg(_msg) __attribute__((__deprecated__(_msg)))
      |                                                       ^
/Users/macos/Desktop/Rust/rustcode/Ryugu_H_Cal/native/esa-build/_deps/tetgen-src/tetgen.cxx:2634:3: warning: 'sprintf' is deprecated: This function is provided for compatibility reasons only.  Due to security concerns inherent in the design of sprintf(3), it is highly recommended that you use snprintf(3) instead. [-Wdeprecated-declarations]
 2634 |   sprintf(outedgefilename, "%s.edge", filebasename);
      |   ^
/Applications/Xcode.app/Contents/Developer/Platforms/MacOSX.platform/Developer/SDKs/MacOSX.sdk/usr/include/_stdio.h:278:1: note: 'sprintf' has been explicitly marked deprecated here
  278 | __deprecated_msg("This function is provided for compatibility reasons only.  Due to security concerns inherent in the design of sprintf(3), it is highly recommended that you use snprintf(3) instead.")
      | ^
/Applications/Xcode.app/Contents/Developer/Platforms/MacOSX.platform/Developer/SDKs/MacOSX.sdk/usr/include/sys/cdefs.h:227:48: note: expanded from macro '__deprecated_msg'
  227 |         #define __deprecated_msg(_msg) __attribute__((__deprecated__(_msg)))
      |                                                       ^
/Users/macos/Desktop/Rust/rustcode/Ryugu_H_Cal/native/esa-build/_deps/tetgen-src/tetgen.cxx:2662:3: warning: 'sprintf' is deprecated: This function is provided for compatibility reasons only.  Due to security concerns inherent in the design of sprintf(3), it is highly recommended that you use snprintf(3) instead. [-Wdeprecated-declarations]
 2662 |   sprintf(outneighborfilename, "%s.neigh", filebasename);
      |   ^
/Applications/Xcode.app/Contents/Developer/Platforms/MacOSX.platform/Developer/SDKs/MacOSX.sdk/usr/include/_stdio.h:278:1: note: 'sprintf' has been explicitly marked deprecated here
  278 | __deprecated_msg("This function is provided for compatibility reasons only.  Due to security concerns inherent in the design of sprintf(3), it is highly recommended that you use snprintf(3) instead.")
      | ^
/Applications/Xcode.app/Contents/Developer/Platforms/MacOSX.platform/Developer/SDKs/MacOSX.sdk/usr/include/sys/cdefs.h:227:48: note: expanded from macro '__deprecated_msg'
  227 |         #define __deprecated_msg(_msg) __attribute__((__deprecated__(_msg)))
      |                                                       ^
/Users/macos/Desktop/Rust/rustcode/Ryugu_H_Cal/native/esa-build/_deps/tetgen-src/tetgen.cxx:2697:3: warning: 'sprintf' is deprecated: This function is provided for compatibility reasons only.  Due to security concerns inherent in the design of sprintf(3), it is highly recommended that you use snprintf(3) instead. [-Wdeprecated-declarations]
 2697 |   sprintf(outpolyfilename, "%s.poly", filebasename);
      |   ^
/Applications/Xcode.app/Contents/Developer/Platforms/MacOSX.platform/Developer/SDKs/MacOSX.sdk/usr/include/_stdio.h:278:1: note: 'sprintf' has been explicitly marked deprecated here
  278 | __deprecated_msg("This function is provided for compatibility reasons only.  Due to security concerns inherent in the design of sprintf(3), it is highly recommended that you use snprintf(3) instead.")
      | ^
/Applications/Xcode.app/Contents/Developer/Platforms/MacOSX.platform/Developer/SDKs/MacOSX.sdk/usr/include/sys/cdefs.h:227:48: note: expanded from macro '__deprecated_msg'
  227 |         #define __deprecated_msg(_msg) __attribute__((__deprecated__(_msg)))
      |                                                       ^
/Users/macos/Desktop/Rust/rustcode/Ryugu_H_Cal/native/esa-build/_deps/tetgen-src/tetgen.cxx:2795:3: warning: 'sprintf' is deprecated: This function is provided for compatibility reasons only.  Due to security concerns inherent in the design of sprintf(3), it is highly recommended that you use snprintf(3) instead. [-Wdeprecated-declarations]
 2795 |   sprintf(outsmeshfilename, "%s.smesh", filebasename);
      |   ^
/Applications/Xcode.app/Contents/Developer/Platforms/MacOSX.platform/Developer/SDKs/MacOSX.sdk/usr/include/_stdio.h:278:1: note: 'sprintf' has been explicitly marked deprecated here
  278 | __deprecated_msg("This function is provided for compatibility reasons only.  Due to security concerns inherent in the design of sprintf(3), it is highly recommended that you use snprintf(3) instead.")
      | ^
/Applications/Xcode.app/Contents/Developer/Platforms/MacOSX.platform/Developer/SDKs/MacOSX.sdk/usr/include/sys/cdefs.h:227:48: note: expanded from macro '__deprecated_msg'
  227 |         #define __deprecated_msg(_msg) __attribute__((__deprecated__(_msg)))
      |                                                       ^
/Users/macos/Desktop/Rust/rustcode/Ryugu_H_Cal/native/esa-build/_deps/tetgen-src/tetgen.cxx:3785:5: warning: 'sprintf' is deprecated: This function is provided for compatibility reasons only.  Due to security concerns inherent in the design of sprintf(3), it is highly recommended that you use snprintf(3) instead. [-Wdeprecated-declarations]
 3785 |     sprintf(outfilename, workstring, meshnumber + 1);
      |     ^
/Applications/Xcode.app/Contents/Developer/Platforms/MacOSX.platform/Developer/SDKs/MacOSX.sdk/usr/include/_stdio.h:278:1: note: 'sprintf' has been explicitly marked deprecated here
  278 | __deprecated_msg("This function is provided for compatibility reasons only.  Due to security concerns inherent in the design of sprintf(3), it is highly recommended that you use snprintf(3) instead.")
      | ^
/Applications/Xcode.app/Contents/Developer/Platforms/MacOSX.platform/Developer/SDKs/MacOSX.sdk/usr/include/sys/cdefs.h:227:48: note: expanded from macro '__deprecated_msg'
  227 |         #define __deprecated_msg(_msg) __attribute__((__deprecated__(_msg)))
      |                                                       ^
/Users/macos/Desktop/Rust/rustcode/Ryugu_H_Cal/native/esa-build/_deps/tetgen-src/tetgen.cxx:32992:3: warning: 'sprintf' is deprecated: This function is provided for compatibility reasons only.  Due to security concerns inherent in the design of sprintf(3), it is highly recommended that you use snprintf(3) instead. [-Wdeprecated-declarations]
 32992 |   sprintf(sbuf, "%.17g", biggestfaangle);
       |   ^
/Applications/Xcode.app/Contents/Developer/Platforms/MacOSX.platform/Developer/SDKs/MacOSX.sdk/usr/include/_stdio.h:278:1: note: 'sprintf' has been explicitly marked deprecated here
  278 | __deprecated_msg("This function is provided for compatibility reasons only.  Due to security concerns inherent in the design of sprintf(3), it is highly recommended that you use snprintf(3) instead.")
      | ^
/Applications/Xcode.app/Contents/Developer/Platforms/MacOSX.platform/Developer/SDKs/MacOSX.sdk/usr/include/sys/cdefs.h:227:48: note: expanded from macro '__deprecated_msg'
  227 |         #define __deprecated_msg(_msg) __attribute__((__deprecated__(_msg)))
      |                                                       ^
/Users/macos/Desktop/Rust/rustcode/Ryugu_H_Cal/native/esa-build/_deps/tetgen-src/tetgen.cxx:32998:3: warning: 'sprintf' is deprecated: This function is provided for compatibility reasons only.  Due to security concerns inherent in the design of sprintf(3), it is highly recommended that you use snprintf(3) instead. [-Wdeprecated-declarations]
 32998 |   sprintf(sbuf, "%.17g", biggestdiangle);
       |   ^
/Applications/Xcode.app/Contents/Developer/Platforms/MacOSX.platform/Developer/SDKs/MacOSX.sdk/usr/include/_stdio.h:278:1: note: 'sprintf' has been explicitly marked deprecated here
  278 | __deprecated_msg("This function is provided for compatibility reasons only.  Due to security concerns inherent in the design of sprintf(3), it is highly recommended that you use snprintf(3) instead.")
      | ^
/Applications/Xcode.app/Contents/Developer/Platforms/MacOSX.platform/Developer/SDKs/MacOSX.sdk/usr/include/sys/cdefs.h:227:48: note: expanded from macro '__deprecated_msg'
  227 |         #define __deprecated_msg(_msg) __attribute__((__deprecated__(_msg)))
      |                                                       ^
/Users/macos/Desktop/Rust/rustcode/Ryugu_H_Cal/native/esa-build/_deps/tetgen-src/tetgen.cxx:35823:5: warning: 'sprintf' is deprecated: This function is provided for compatibility reasons only.  Due to security concerns inherent in the design of sprintf(3), it is highly recommended that you use snprintf(3) instead. [-Wdeprecated-declarations]
 35823 |     sprintf(vtkfilename, "%s.%d.vtk", ofilename, mesh_idx);
       |     ^
/Applications/Xcode.app/Contents/Developer/Platforms/MacOSX.platform/Developer/SDKs/MacOSX.sdk/usr/include/_stdio.h:278:1: note: 'sprintf' has been explicitly marked deprecated here
  278 | __deprecated_msg("This function is provided for compatibility reasons only.  Due to security concerns inherent in the design of sprintf(3), it is highly recommended that you use snprintf(3) instead.")
      | ^
/Applications/Xcode.app/Contents/Developer/Platforms/MacOSX.platform/Developer/SDKs/MacOSX.sdk/usr/include/sys/cdefs.h:227:48: note: expanded from macro '__deprecated_msg'
  227 |         #define __deprecated_msg(_msg) __attribute__((__deprecated__(_msg)))
      |                                                       ^
/Users/macos/Desktop/Rust/rustcode/Ryugu_H_Cal/native/esa-build/_deps/tetgen-src/tetgen.cxx:35932:5: warning: 'sprintf' is deprecated: This function is provided for compatibility reasons only.  Due to security concerns inherent in the design of sprintf(3), it is highly recommended that you use snprintf(3) instead. [-Wdeprecated-declarations]
 35932 |     sprintf(vtkfilename, "%s.%d.vtk", ofilename, mesh_idx);
       |     ^
/Applications/Xcode.app/Contents/Developer/Platforms/MacOSX.platform/Developer/SDKs/MacOSX.sdk/usr/include/_stdio.h:278:1: note: 'sprintf' has been explicitly marked deprecated here
  278 | __deprecated_msg("This function is provided for compatibility reasons only.  Due to security concerns inherent in the design of sprintf(3), it is highly recommended that you use snprintf(3) instead.")
      | ^
/Applications/Xcode.app/Contents/Developer/Platforms/MacOSX.platform/Developer/SDKs/MacOSX.sdk/usr/include/sys/cdefs.h:227:48: note: expanded from macro '__deprecated_msg'
  227 |         #define __deprecated_msg(_msg) __attribute__((__deprecated__(_msg)))
      |                                                       ^
In file included from /Users/macos/Desktop/Rust/rustcode/Ryugu_H_Cal/native/esa-build/_deps/spdlog-src/src/color_sinks.cpp:8:
In file included from /Applications/Xcode.app/Contents/Developer/Platforms/MacOSX.platform/Developer/SDKs/MacOSX.sdk/usr/include/c++/v1/mutex:508:
In file included from /Applications/Xcode.app/Contents/Developer/Platforms/MacOSX.platform/Developer/SDKs/MacOSX.sdk/usr/include/c++/v1/system_error:152:
In file included from /Applications/Xcode.app/Contents/Developer/Platforms/MacOSX.platform/Developer/SDKs/MacOSX.sdk/usr/include/c++/v1/__system_error/error_category.h:15:
In file included from /Applications/Xcode.app/Contents/Developer/Platforms/MacOSX.platform/Developer/SDKs/MacOSX.sdk/usr/include/c++/v1/string:654:
In file included from /Applications/Xcode.app/Contents/Developer/Platforms/MacOSX.platform/Developer/SDKs/MacOSX.sdk/usr/include/c++/v1/string_view:221:
/Applications/Xcode.app/Contents/Developer/Platforms/MacOSX.platform/Developer/SDKs/MacOSX.sdk/usr/include/c++/v1/__fwd/string_view.h:22:41: warning: 'char_traits<fmt::detail::char8_type>' is deprecated: char_traits<T> for T not equal to char, wchar_t, char8_t, char16_t or char32_t is non-standard and is provided for a temporary period. It will be removed in a future release, so please migrate off of it. [-Wdeprecated-declarations]
   22 | template <class _CharT, class _Traits = char_traits<_CharT> >
      |                                         ^
/Users/macos/Desktop/Rust/rustcode/Ryugu_H_Cal/native/esa-build/_deps/spdlog-src/include/spdlog/fmt/bundled/core.h:361:26: note: in instantiation of default argument for 'basic_string_view<fmt::detail::char8_type>' required here
  361 | template <typename Char> using std_string_view = std::basic_string_view<Char>;
      |                          ^~~~~
/Users/macos/Desktop/Rust/rustcode/Ryugu_H_Cal/native/esa-build/_deps/spdlog-src/include/spdlog/fmt/bundled/core.h:452:50: note: in instantiation of template type alias 'std_string_view' requested here
  452 |                                       S, detail::std_string_view<Char>>::value)>
      |                                                  ^
/Users/macos/Desktop/Rust/rustcode/Ryugu_H_Cal/native/esa-build/_deps/spdlog-src/include/spdlog/fmt/bundled/core.h:303:48: note: expanded from macro 'FMT_ENABLE_IF'
  303 | #  define FMT_ENABLE_IF(...) fmt::enable_if_t<(__VA_ARGS__), int> = 0
      |                                                ^
/Users/macos/Desktop/Rust/rustcode/Ryugu_H_Cal/native/esa-build/_deps/spdlog-src/include/spdlog/fmt/bundled/format.h:737:57: note: in instantiation of template class 'fmt::basic_string_view<fmt::detail::char8_type>' requested here
  737 | inline auto compute_width(basic_string_view<char8_type> s) -> size_t {
      |                                                         ^
/Applications/Xcode.app/Contents/Developer/Platforms/MacOSX.platform/Developer/SDKs/MacOSX.sdk/usr/include/c++/v1/__fwd/string.h:24:8: note: 'char_traits<fmt::detail::char8_type>' has been explicitly marked deprecated here
   24 | struct _LIBCPP_DEPRECATED_(
      |        ^
/Applications/Xcode.app/Contents/Developer/Platforms/MacOSX.platform/Developer/SDKs/MacOSX.sdk/usr/include/c++/v1/__config:555:53: note: expanded from macro '_LIBCPP_DEPRECATED_'
  555 | #      define _LIBCPP_DEPRECATED_(m) __attribute__((__deprecated__(m)))
      |                                                     ^
In file included from /Users/macos/Desktop/Rust/rustcode/Ryugu_H_Cal/native/esa-build/_deps/spdlog-src/src/stdout_sinks.cpp:8:
In file included from /Applications/Xcode.app/Contents/Developer/Platforms/MacOSX.platform/Developer/SDKs/MacOSX.sdk/usr/include/c++/v1/mutex:508:
In file included from /Applications/Xcode.app/Contents/Developer/Platforms/MacOSX.platform/Developer/SDKs/MacOSX.sdk/usr/include/c++/v1/system_error:152:
In file included from /Applications/Xcode.app/Contents/Developer/Platforms/MacOSX.platform/Developer/SDKs/MacOSX.sdk/usr/include/c++/v1/__system_error/error_category.h:15:
In file included from /Applications/Xcode.app/Contents/Developer/Platforms/MacOSX.platform/Developer/SDKs/MacOSX.sdk/usr/include/c++/v1/string:654:
In file included from /Applications/Xcode.app/Contents/Developer/Platforms/MacOSX.platform/Developer/SDKs/MacOSX.sdk/usr/include/c++/v1/string_view:221:
/Applications/Xcode.app/Contents/Developer/Platforms/MacOSX.platform/Developer/SDKs/MacOSX.sdk/usr/include/c++/v1/__fwd/string_view.h:22:41: warning: 'char_traits<fmt::detail::char8_type>' is deprecated: char_traits<T> for T not equal to char, wchar_t, char8_t, char16_t or char32_t is non-standard and is provided for a temporary period. It will be removed in a future release, so please migrate off of it. [-Wdeprecated-declarations]
   22 | template <class _CharT, class _Traits = char_traits<_CharT> >
      |                                         ^
/Users/macos/Desktop/Rust/rustcode/Ryugu_H_Cal/native/esa-build/_deps/spdlog-src/include/spdlog/fmt/bundled/core.h:361:26: note: in instantiation of default argument for 'basic_string_view<fmt::detail::char8_type>' required here
  361 | template <typename Char> using std_string_view = std::basic_string_view<Char>;
      |                          ^~~~~
/Users/macos/Desktop/Rust/rustcode/Ryugu_H_Cal/native/esa-build/_deps/spdlog-src/include/spdlog/fmt/bundled/core.h:452:50: note: in instantiation of template type alias 'std_string_view' requested here
  452 |                                       S, detail::std_string_view<Char>>::value)>
      |                                                  ^
/Users/macos/Desktop/Rust/rustcode/Ryugu_H_Cal/native/esa-build/_deps/spdlog-src/include/spdlog/fmt/bundled/core.h:303:48: note: expanded from macro 'FMT_ENABLE_IF'
  303 | #  define FMT_ENABLE_IF(...) fmt::enable_if_t<(__VA_ARGS__), int> = 0
      |                                                ^
/Users/macos/Desktop/Rust/rustcode/Ryugu_H_Cal/native/esa-build/_deps/spdlog-src/include/spdlog/fmt/bundled/format.h:737:57: note: in instantiation of template class 'fmt::basic_string_view<fmt::detail::char8_type>' requested here
  737 | inline auto compute_width(basic_string_view<char8_type> s) -> size_t {
      |                                                         ^
/Applications/Xcode.app/Contents/Developer/Platforms/MacOSX.platform/Developer/SDKs/MacOSX.sdk/usr/include/c++/v1/__fwd/string.h:24:8: note: 'char_traits<fmt::detail::char8_type>' has been explicitly marked deprecated here
   24 | struct _LIBCPP_DEPRECATED_(
      |        ^
/Applications/Xcode.app/Contents/Developer/Platforms/MacOSX.platform/Developer/SDKs/MacOSX.sdk/usr/include/c++/v1/__config:555:53: note: expanded from macro '_LIBCPP_DEPRECATED_'
  555 | #      define _LIBCPP_DEPRECATED_(m) __attribute__((__deprecated__(m)))
      |                                                     ^
In file included from /Users/macos/Desktop/Rust/rustcode/Ryugu_H_Cal/native/esa-build/_deps/spdlog-src/src/spdlog.cpp:8:
In file included from /Users/macos/Desktop/Rust/rustcode/Ryugu_H_Cal/native/esa-build/_deps/spdlog-src/include/spdlog/common-inl.h:7:
In file included from /Users/macos/Desktop/Rust/rustcode/Ryugu_H_Cal/native/esa-build/_deps/spdlog-src/include/spdlog/common.h:10:
In file included from /Applications/Xcode.app/Contents/Developer/Platforms/MacOSX.platform/Developer/SDKs/MacOSX.sdk/usr/include/c++/v1/chrono:1107:
In file included from /Applications/Xcode.app/Contents/Developer/Platforms/MacOSX.platform/Developer/SDKs/MacOSX.sdk/usr/include/c++/v1/string_view:221:
/Applications/Xcode.app/Contents/Developer/Platforms/MacOSX.platform/Developer/SDKs/MacOSX.sdk/usr/include/c++/v1/__fwd/string_view.h:22:41: warning: 'char_traits<fmt::detail::char8_type>' is deprecated: char_traits<T> for T not equal to char, wchar_t, char8_t, char16_t or char32_t is non-standard and is provided for a temporary period. It will be removed in a future release, so please migrate off of it. [-Wdeprecated-declarations]
   22 | template <class _CharT, class _Traits = char_traits<_CharT> >
      |                                         ^
/Users/macos/Desktop/Rust/rustcode/Ryugu_H_Cal/native/esa-build/_deps/spdlog-src/include/spdlog/fmt/bundled/core.h:361:26: note: in instantiation of default argument for 'basic_string_view<fmt::detail::char8_type>' required here
  361 | template <typename Char> using std_string_view = std::basic_string_view<Char>;
      |                          ^~~~~
/Users/macos/Desktop/Rust/rustcode/Ryugu_H_Cal/native/esa-build/_deps/spdlog-src/include/spdlog/fmt/bundled/core.h:452:50: note: in instantiation of template type alias 'std_string_view' requested here
  452 |                                       S, detail::std_string_view<Char>>::value)>
      |                                                  ^
/Users/macos/Desktop/Rust/rustcode/Ryugu_H_Cal/native/esa-build/_deps/spdlog-src/include/spdlog/fmt/bundled/core.h:303:48: note: expanded from macro 'FMT_ENABLE_IF'
  303 | #  define FMT_ENABLE_IF(...) fmt::enable_if_t<(__VA_ARGS__), int> = 0
      |                                                ^
/Users/macos/Desktop/Rust/rustcode/Ryugu_H_Cal/native/esa-build/_deps/spdlog-src/include/spdlog/fmt/bundled/format.h:737:57: note: in instantiation of template class 'fmt::basic_string_view<fmt::detail::char8_type>' requested here
  737 | inline auto compute_width(basic_string_view<char8_type> s) -> size_t {
      |                                                         ^
/Applications/Xcode.app/Contents/Developer/Platforms/MacOSX.platform/Developer/SDKs/MacOSX.sdk/usr/include/c++/v1/__fwd/string.h:24:8: note: 'char_traits<fmt::detail::char8_type>' has been explicitly marked deprecated here
   24 | struct _LIBCPP_DEPRECATED_(
      |        ^
/Applications/Xcode.app/Contents/Developer/Platforms/MacOSX.platform/Developer/SDKs/MacOSX.sdk/usr/include/c++/v1/__config:555:53: note: expanded from macro '_LIBCPP_DEPRECATED_'
  555 | #      define _LIBCPP_DEPRECATED_(m) __attribute__((__deprecated__(m)))
      |                                                     ^
[ 16%] Building CXX object _deps/yaml-cpp-build/CMakeFiles/yaml-cpp.dir/src/convert.cpp.o
[ 18%] Building CXX object _deps/yaml-cpp-build/CMakeFiles/yaml-cpp.dir/src/depthguard.cpp.o
[ 20%] Building CXX object _deps/yaml-cpp-build/CMakeFiles/yaml-cpp.dir/src/directives.cpp.o
1 warning generated.
[ 21%] Building CXX object _deps/yaml-cpp-build/CMakeFiles/yaml-cpp.dir/src/emit.cpp.o
[ 23%] Building CXX object _deps/yaml-cpp-build/CMakeFiles/yaml-cpp.dir/src/emitfromevents.cpp.o
1 warning generated.
[ 27%] Building CXX object _deps/yaml-cpp-build/CMakeFiles/yaml-cpp.dir/src/emitter.cpp.o
[ 27%] Building CXX object _deps/spdlog-build/CMakeFiles/spdlog.dir/src/file_sinks.cpp.o
[ 29%] Building CXX object _deps/yaml-cpp-build/CMakeFiles/yaml-cpp.dir/src/emitterstate.cpp.o
In file included from /Users/macos/Desktop/Rust/rustcode/Ryugu_H_Cal/native/esa-build/_deps/spdlog-src/src/file_sinks.cpp:8:
In file included from /Users/macos/Desktop/Rust/rustcode/Ryugu_H_Cal/native/esa-build/_deps/spdlog-src/include/spdlog/details/file_helper-inl.h:7:
In file included from /Users/macos/Desktop/Rust/rustcode/Ryugu_H_Cal/native/esa-build/_deps/spdlog-src/include/spdlog/details/file_helper.h:6:
In file included from /Users/macos/Desktop/Rust/rustcode/Ryugu_H_Cal/native/esa-build/_deps/spdlog-src/include/spdlog/common.h:10:
In file included from /Applications/Xcode.app/Contents/Developer/Platforms/MacOSX.platform/Developer/SDKs/MacOSX.sdk/usr/include/c++/v1/chrono:1107:
In file included from /Applications/Xcode.app/Contents/Developer/Platforms/MacOSX.platform/Developer/SDKs/MacOSX.sdk/usr/include/c++/v1/string_view:221:
/Applications/Xcode.app/Contents/Developer/Platforms/MacOSX.platform/Developer/SDKs/MacOSX.sdk/usr/include/c++/v1/__fwd/string_view.h:22:41: warning: 'char_traits<fmt::detail::char8_type>' is deprecated: char_traits<T> for T not equal to char, wchar_t, char8_t, char16_t or char32_t is non-standard and is provided for a temporary period. It will be removed in a future release, so please migrate off of it. [-Wdeprecated-declarations]
   22 | template <class _CharT, class _Traits = char_traits<_CharT> >
      |                                         ^
/Users/macos/Desktop/Rust/rustcode/Ryugu_H_Cal/native/esa-build/_deps/spdlog-src/include/spdlog/fmt/bundled/core.h:361:26: note: in instantiation of default argument for 'basic_string_view<fmt::detail::char8_type>' required here
  361 | template <typename Char> using std_string_view = std::basic_string_view<Char>;
      |                          ^~~~~
/Users/macos/Desktop/Rust/rustcode/Ryugu_H_Cal/native/esa-build/_deps/spdlog-src/include/spdlog/fmt/bundled/core.h:452:50: note: in instantiation of template type alias 'std_string_view' requested here
  452 |                                       S, detail::std_string_view<Char>>::value)>
      |                                                  ^
/Users/macos/Desktop/Rust/rustcode/Ryugu_H_Cal/native/esa-build/_deps/spdlog-src/include/spdlog/fmt/bundled/core.h:303:48: note: expanded from macro 'FMT_ENABLE_IF'
  303 | #  define FMT_ENABLE_IF(...) fmt::enable_if_t<(__VA_ARGS__), int> = 0
      |                                                ^
/Users/macos/Desktop/Rust/rustcode/Ryugu_H_Cal/native/esa-build/_deps/spdlog-src/include/spdlog/fmt/bundled/format.h:737:57: note: in instantiation of template class 'fmt::basic_string_view<fmt::detail::char8_type>' requested here
  737 | inline auto compute_width(basic_string_view<char8_type> s) -> size_t {
      |                                                         ^
/Applications/Xcode.app/Contents/Developer/Platforms/MacOSX.platform/Developer/SDKs/MacOSX.sdk/usr/include/c++/v1/__fwd/string.h:24:8: note: 'char_traits<fmt::detail::char8_type>' has been explicitly marked deprecated here
   24 | struct _LIBCPP_DEPRECATED_(
      |        ^
/Applications/Xcode.app/Contents/Developer/Platforms/MacOSX.platform/Developer/SDKs/MacOSX.sdk/usr/include/c++/v1/__config:555:53: note: expanded from macro '_LIBCPP_DEPRECATED_'
  555 | #      define _LIBCPP_DEPRECATED_(m) __attribute__((__deprecated__(m)))
      |                                                     ^
[ 30%] Building CXX object _deps/yaml-cpp-build/CMakeFiles/yaml-cpp.dir/src/emitterutils.cpp.o
[ 32%] Building CXX object _deps/yaml-cpp-build/CMakeFiles/yaml-cpp.dir/src/exceptions.cpp.o
[ 34%] Building CXX object _deps/yaml-cpp-build/CMakeFiles/yaml-cpp.dir/src/exp.cpp.o
[ 36%] Building CXX object _deps/yaml-cpp-build/CMakeFiles/yaml-cpp.dir/src/memory.cpp.o
[ 38%] Building CXX object _deps/yaml-cpp-build/CMakeFiles/yaml-cpp.dir/src/node.cpp.o
[ 40%] Building CXX object _deps/yaml-cpp-build/CMakeFiles/yaml-cpp.dir/src/node_data.cpp.o
[ 41%] Building CXX object _deps/yaml-cpp-build/CMakeFiles/yaml-cpp.dir/src/nodebuilder.cpp.o
[ 43%] Building CXX object _deps/yaml-cpp-build/CMakeFiles/yaml-cpp.dir/src/nodeevents.cpp.o
[ 45%] Building CXX object _deps/spdlog-build/CMakeFiles/spdlog.dir/src/async.cpp.o
[ 47%] Building CXX object _deps/yaml-cpp-build/CMakeFiles/yaml-cpp.dir/src/null.cpp.o
In file included from /Users/macos/Desktop/Rust/rustcode/Ryugu_H_Cal/native/esa-build/_deps/spdlog-src/src/async.cpp:8:
In file included from /Users/macos/Desktop/Rust/rustcode/Ryugu_H_Cal/native/esa-build/_deps/spdlog-src/include/spdlog/async.h:17:
In file included from /Users/macos/Desktop/Rust/rustcode/Ryugu_H_Cal/native/esa-build/_deps/spdlog-src/include/spdlog/async_logger.h:17:
In file included from /Users/macos/Desktop/Rust/rustcode/Ryugu_H_Cal/native/esa-build/_deps/spdlog-src/include/spdlog/logger.h:17:
In file included from /Users/macos/Desktop/Rust/rustcode/Ryugu_H_Cal/native/esa-build/_deps/spdlog-src/include/spdlog/common.h:10:
In file included from /Applications/Xcode.app/Contents/Developer/Platforms/MacOSX.platform/Developer/SDKs/MacOSX.sdk/usr/include/c++/v1/chrono:1107:
In file included from /Applications/Xcode.app/Contents/Developer/Platforms/MacOSX.platform/Developer/SDKs/MacOSX.sdk/usr/include/c++/v1/string_view:221:
/Applications/Xcode.app/Contents/Developer/Platforms/MacOSX.platform/Developer/SDKs/MacOSX.sdk/usr/include/c++/v1/__fwd/string_view.h:22:41: warning: 'char_traits<fmt::detail::char8_type>' is deprecated: char_traits<T> for T not equal to char, wchar_t, char8_t, char16_t or char32_t is non-standard and is provided for a temporary period. It will be removed in a future release, so please migrate off of it. [-Wdeprecated-declarations]
   22 | template <class _CharT, class _Traits = char_traits<_CharT> >
      |                                         ^
/Users/macos/Desktop/Rust/rustcode/Ryugu_H_Cal/native/esa-build/_deps/spdlog-src/include/spdlog/fmt/bundled/core.h:361:26: note: in instantiation of default argument for 'basic_string_view<fmt::detail::char8_type>' required here
  361 | template <typename Char> using std_string_view = std::basic_string_view<Char>;
      |                          ^~~~~
/Users/macos/Desktop/Rust/rustcode/Ryugu_H_Cal/native/esa-build/_deps/spdlog-src/include/spdlog/fmt/bundled/core.h:452:50: note: in instantiation of template type alias 'std_string_view' requested here
  452 |                                       S, detail::std_string_view<Char>>::value)>
      |                                                  ^
/Users/macos/Desktop/Rust/rustcode/Ryugu_H_Cal/native/esa-build/_deps/spdlog-src/include/spdlog/fmt/bundled/core.h:303:48: note: expanded from macro 'FMT_ENABLE_IF'
  303 | #  define FMT_ENABLE_IF(...) fmt::enable_if_t<(__VA_ARGS__), int> = 0
      |                                                ^
/Users/macos/Desktop/Rust/rustcode/Ryugu_H_Cal/native/esa-build/_deps/spdlog-src/include/spdlog/fmt/bundled/format.h:737:57: note: in instantiation of template class 'fmt::basic_string_view<fmt::detail::char8_type>' requested here
  737 | inline auto compute_width(basic_string_view<char8_type> s) -> size_t {
      |                                                         ^
/Applications/Xcode.app/Contents/Developer/Platforms/MacOSX.platform/Developer/SDKs/MacOSX.sdk/usr/include/c++/v1/__fwd/string.h:24:8: note: 'char_traits<fmt::detail::char8_type>' has been explicitly marked deprecated here
   24 | struct _LIBCPP_DEPRECATED_(
      |        ^
/Applications/Xcode.app/Contents/Developer/Platforms/MacOSX.platform/Developer/SDKs/MacOSX.sdk/usr/include/c++/v1/__config:555:53: note: expanded from macro '_LIBCPP_DEPRECATED_'
  555 | #      define _LIBCPP_DEPRECATED_(m) __attribute__((__deprecated__(m)))
      |                                                     ^
[ 49%] Building CXX object _deps/yaml-cpp-build/CMakeFiles/yaml-cpp.dir/src/ostream_wrapper.cpp.o
[ 50%] Building CXX object _deps/yaml-cpp-build/CMakeFiles/yaml-cpp.dir/src/parse.cpp.o
1 warning generated.
[ 52%] Building CXX object _deps/spdlog-build/CMakeFiles/spdlog.dir/src/cfg.cpp.o
[ 54%] Building CXX object _deps/yaml-cpp-build/CMakeFiles/yaml-cpp.dir/src/parser.cpp.o
In file included from /Users/macos/Desktop/Rust/rustcode/Ryugu_H_Cal/native/esa-build/_deps/spdlog-src/src/cfg.cpp:8:
In file included from /Users/macos/Desktop/Rust/rustcode/Ryugu_H_Cal/native/esa-build/_deps/spdlog-src/include/spdlog/cfg/helpers-inl.h:7:
In file included from /Users/macos/Desktop/Rust/rustcode/Ryugu_H_Cal/native/esa-build/_deps/spdlog-src/include/spdlog/cfg/helpers.h:6:
In file included from /Users/macos/Desktop/Rust/rustcode/Ryugu_H_Cal/native/esa-build/_deps/spdlog-src/include/spdlog/common.h:10:
In file included from /Applications/Xcode.app/Contents/Developer/Platforms/MacOSX.platform/Developer/SDKs/MacOSX.sdk/usr/include/c++/v1/chrono:1107:
In file included from /Applications/Xcode.app/Contents/Developer/Platforms/MacOSX.platform/Developer/SDKs/MacOSX.sdk/usr/include/c++/v1/string_view:221:
/Applications/Xcode.app/Contents/Developer/Platforms/MacOSX.platform/Developer/SDKs/MacOSX.sdk/usr/include/c++/v1/__fwd/string_view.h:22:41: warning: 'char_traits<fmt::detail::char8_type>' is deprecated: char_traits<T> for T not equal to char, wchar_t, char8_t, char16_t or char32_t is non-standard and is provided for a temporary period. It will be removed in a future release, so please migrate off of it. [-Wdeprecated-declarations]
   22 | template <class _CharT, class _Traits = char_traits<_CharT> >
      |                                         ^
/Users/macos/Desktop/Rust/rustcode/Ryugu_H_Cal/native/esa-build/_deps/spdlog-src/include/spdlog/fmt/bundled/core.h:361:26: note: in instantiation of default argument for 'basic_string_view<fmt::detail::char8_type>' required here
  361 | template <typename Char> using std_string_view = std::basic_string_view<Char>;
      |                          ^~~~~
/Users/macos/Desktop/Rust/rustcode/Ryugu_H_Cal/native/esa-build/_deps/spdlog-src/include/spdlog/fmt/bundled/core.h:452:50: note: in instantiation of template type alias 'std_string_view' requested here
  452 |                                       S, detail::std_string_view<Char>>::value)>
      |                                                  ^
/Users/macos/Desktop/Rust/rustcode/Ryugu_H_Cal/native/esa-build/_deps/spdlog-src/include/spdlog/fmt/bundled/core.h:303:48: note: expanded from macro 'FMT_ENABLE_IF'
  303 | #  define FMT_ENABLE_IF(...) fmt::enable_if_t<(__VA_ARGS__), int> = 0
      |                                                ^
/Users/macos/Desktop/Rust/rustcode/Ryugu_H_Cal/native/esa-build/_deps/spdlog-src/include/spdlog/fmt/bundled/format.h:737:57: note: in instantiation of template class 'fmt::basic_string_view<fmt::detail::char8_type>' requested here
  737 | inline auto compute_width(basic_string_view<char8_type> s) -> size_t {
      |                                                         ^
/Applications/Xcode.app/Contents/Developer/Platforms/MacOSX.platform/Developer/SDKs/MacOSX.sdk/usr/include/c++/v1/__fwd/string.h:24:8: note: 'char_traits<fmt::detail::char8_type>' has been explicitly marked deprecated here
   24 | struct _LIBCPP_DEPRECATED_(
      |        ^
/Applications/Xcode.app/Contents/Developer/Platforms/MacOSX.platform/Developer/SDKs/MacOSX.sdk/usr/include/c++/v1/__config:555:53: note: expanded from macro '_LIBCPP_DEPRECATED_'
  555 | #      define _LIBCPP_DEPRECATED_(m) __attribute__((__deprecated__(m)))
      |                                                     ^
[ 56%] Building CXX object _deps/yaml-cpp-build/CMakeFiles/yaml-cpp.dir/src/regex_yaml.cpp.o
[ 58%] Building CXX object _deps/yaml-cpp-build/CMakeFiles/yaml-cpp.dir/src/scanner.cpp.o
[ 60%] Building CXX object _deps/yaml-cpp-build/CMakeFiles/yaml-cpp.dir/src/scanscalar.cpp.o
1 warning generated.
[ 61%] Building CXX object _deps/spdlog-build/CMakeFiles/spdlog.dir/src/bundled_fmtlib_format.cpp.o
[ 63%] Building CXX object _deps/yaml-cpp-build/CMakeFiles/yaml-cpp.dir/src/scantag.cpp.o
1 warning generated.
[ 65%] Building CXX object _deps/yaml-cpp-build/CMakeFiles/yaml-cpp.dir/src/scantoken.cpp.o
In file included from /Users/macos/Desktop/Rust/rustcode/Ryugu_H_Cal/native/esa-build/_deps/spdlog-src/src/bundled_fmtlib_format.cpp:11:
In file included from /Users/macos/Desktop/Rust/rustcode/Ryugu_H_Cal/native/esa-build/_deps/spdlog-src/include/spdlog/fmt/bundled/format-inl.h:18:
In file included from /Applications/Xcode.app/Contents/Developer/Platforms/MacOSX.platform/Developer/SDKs/MacOSX.sdk/usr/include/c++/v1/locale:197:
In file included from /Applications/Xcode.app/Contents/Developer/Platforms/MacOSX.platform/Developer/SDKs/MacOSX.sdk/usr/include/c++/v1/__locale:28:
In file included from /Applications/Xcode.app/Contents/Developer/Platforms/MacOSX.platform/Developer/SDKs/MacOSX.sdk/usr/include/c++/v1/string:654:
In file included from /Applications/Xcode.app/Contents/Developer/Platforms/MacOSX.platform/Developer/SDKs/MacOSX.sdk/usr/include/c++/v1/string_view:221:
/Applications/Xcode.app/Contents/Developer/Platforms/MacOSX.platform/Developer/SDKs/MacOSX.sdk/usr/include/c++/v1/__fwd/string_view.h:22:41: warning: 'char_traits<fmt::detail::char8_type>' is deprecated: char_traits<T> for T not equal to char, wchar_t, char8_t, char16_t or char32_t is non-standard and is provided for a temporary period. It will be removed in a future release, so please migrate off of it. [-Wdeprecated-declarations]
   22 | template <class _CharT, class _Traits = char_traits<_CharT> >
      |                                         ^
/Users/macos/Desktop/Rust/rustcode/Ryugu_H_Cal/native/esa-build/_deps/spdlog-src/include/spdlog/fmt/bundled/core.h:361:26: note: in instantiation of default argument for 'basic_string_view<fmt::detail::char8_type>' required here
  361 | template <typename Char> using std_string_view = std::basic_string_view<Char>;
      |                          ^~~~~
/Users/macos/Desktop/Rust/rustcode/Ryugu_H_Cal/native/esa-build/_deps/spdlog-src/include/spdlog/fmt/bundled/core.h:452:50: note: in instantiation of template type alias 'std_string_view' requested here
  452 |                                       S, detail::std_string_view<Char>>::value)>
      |                                                  ^
/Users/macos/Desktop/Rust/rustcode/Ryugu_H_Cal/native/esa-build/_deps/spdlog-src/include/spdlog/fmt/bundled/core.h:303:48: note: expanded from macro 'FMT_ENABLE_IF'
  303 | #  define FMT_ENABLE_IF(...) fmt::enable_if_t<(__VA_ARGS__), int> = 0
      |                                                ^
/Users/macos/Desktop/Rust/rustcode/Ryugu_H_Cal/native/esa-build/_deps/spdlog-src/include/spdlog/fmt/bundled/format.h:737:57: note: in instantiation of template class 'fmt::basic_string_view<fmt::detail::char8_type>' requested here
  737 | inline auto compute_width(basic_string_view<char8_type> s) -> size_t {
      |                                                         ^
/Applications/Xcode.app/Contents/Developer/Platforms/MacOSX.platform/Developer/SDKs/MacOSX.sdk/usr/include/c++/v1/__fwd/string.h:24:8: note: 'char_traits<fmt::detail::char8_type>' has been explicitly marked deprecated here
   24 | struct _LIBCPP_DEPRECATED_(
      |        ^
/Applications/Xcode.app/Contents/Developer/Platforms/MacOSX.platform/Developer/SDKs/MacOSX.sdk/usr/include/c++/v1/__config:555:53: note: expanded from macro '_LIBCPP_DEPRECATED_'
  555 | #      define _LIBCPP_DEPRECATED_(m) __attribute__((__deprecated__(m)))
      |                                                     ^
[ 67%] Building CXX object _deps/yaml-cpp-build/CMakeFiles/yaml-cpp.dir/src/simplekey.cpp.o
[ 69%] Building CXX object _deps/yaml-cpp-build/CMakeFiles/yaml-cpp.dir/src/singledocparser.cpp.o
[ 70%] Building CXX object _deps/yaml-cpp-build/CMakeFiles/yaml-cpp.dir/src/stream.cpp.o
1 warning generated.
[ 72%] Building CXX object _deps/yaml-cpp-build/CMakeFiles/yaml-cpp.dir/src/tag.cpp.o
[ 74%] Linking CXX static library libyaml-cpp.a
1 warning generated.
[ 76%] Linking CXX static library libspdlog.a
[ 78%] Linking CXX static library libtetgen_lib.a
13 warnings generated.
[ 80%] Linking CXX static library libtetgen.a
[ 80%] Built target tetgen
[ 80%] Built target tetgen_lib
[ 80%] Built target yaml-cpp
[ 80%] Built target spdlog
[ 83%] Building CXX object src/polyhedralGravity/CMakeFiles/polyhedralGravity_lib.dir/input/TetgenAdapter.cpp.o
[ 83%] Building CXX object src/polyhedralGravity/CMakeFiles/polyhedralGravity_lib.dir/input/MeshReader.cpp.o
[ 85%] Building CXX object src/polyhedralGravity/CMakeFiles/polyhedralGravity_lib.dir/model/GravityModel.cpp.o
[ 89%] Building CXX object src/polyhedralGravity/CMakeFiles/polyhedralGravity_lib.dir/model/GravityModelDetail.cpp.o
[ 90%] Building CXX object src/polyhedralGravity/CMakeFiles/polyhedralGravity_lib.dir/model/PolyhedronDefinitions.cpp.o
[ 90%] Building CXX object src/polyhedralGravity/CMakeFiles/polyhedralGravity_lib.dir/model/Polyhedron.cpp.o
[ 94%] Building CXX object src/polyhedralGravity/CMakeFiles/polyhedralGravity_lib.dir/model/GravityEvaluable.cpp.o
[ 94%] Building CXX object src/polyhedralGravity/CMakeFiles/polyhedralGravity_lib.dir/input/YAMLConfigReader.cpp.o
In file included from /Users/macos/Desktop/Rust/rustcode/Ryugu_H_Cal/vendor/polyhedral-gravity-model/src/polyhedralGravity/model/GravityModelDetail.cpp:1:
In file included from /Users/macos/Desktop/Rust/rustcode/Ryugu_H_Cal/vendor/polyhedral-gravity-model/src/polyhedralGravity/model/GravityModelDetail.h:9:
In file included from /Users/macos/Desktop/Rust/rustcode/Ryugu_H_Cal/native/esa-build/_deps/thrust-src/thrust/iterator/zip_iterator.h:35:
In file included from /Users/macos/Desktop/Rust/rustcode/Ryugu_H_Cal/native/esa-build/_deps/thrust-src/thrust/iterator/detail/zip_iterator_base.h:21:
In file included from /Users/macos/Desktop/Rust/rustcode/Ryugu_H_Cal/native/esa-build/_deps/thrust-src/thrust/advance.h:139:
In file included from /Users/macos/Desktop/Rust/rustcode/Ryugu_H_Cal/native/esa-build/_deps/thrust-src/thrust/detail/advance.inl:24:
In file included from /Users/macos/Desktop/Rust/rustcode/Ryugu_H_Cal/native/esa-build/_deps/thrust-src/thrust/system/detail/generic/advance.h:39:
In file included from /Users/macos/Desktop/Rust/rustcode/Ryugu_H_Cal/native/esa-build/_deps/thrust-src/thrust/system/detail/generic/advance.inl:19:
In file included from /Users/macos/Desktop/Rust/rustcode/Ryugu_H_Cal/native/esa-build/_deps/thrust-src/thrust/iterator/iterator_traits.h:64:
In file included from /Users/macos/Desktop/Rust/rustcode/Ryugu_H_Cal/native/esa-build/_deps/thrust-src/thrust/iterator/detail/iterator_traits.inl:25:
In file included from /Users/macos/Desktop/Rust/rustcode/Ryugu_H_Cal/native/esa-build/_deps/thrust-src/thrust/iterator/detail/iterator_category_to_traversal.h:22:
In file included from /Users/macos/Desktop/Rust/rustcode/Ryugu_H_Cal/native/esa-build/_deps/thrust-src/thrust/iterator/detail/iterator_category_to_system.h:25:
/Users/macos/Desktop/Rust/rustcode/Ryugu_H_Cal/native/esa-build/_deps/thrust-src/thrust/detail/type_traits.h:147:10: warning: builtin __has_trivial_constructor is deprecated; use __is_trivially_constructible instead [-Wdeprecated-builtins]
  147 |       || __has_trivial_constructor(T)
      |          ^
/Users/macos/Desktop/Rust/rustcode/Ryugu_H_Cal/native/esa-build/_deps/thrust-src/thrust/detail/type_traits.h:163:10: warning: builtin __has_trivial_copy is deprecated; use __is_trivially_copyable instead [-Wdeprecated-builtins]
  163 |       || __has_trivial_copy(T)
      |          ^
In file included from /Users/macos/Desktop/Rust/rustcode/Ryugu_H_Cal/vendor/polyhedral-gravity-model/src/polyhedralGravity/model/GravityModelDetail.cpp:1:
In file included from /Users/macos/Desktop/Rust/rustcode/Ryugu_H_Cal/vendor/polyhedral-gravity-model/src/polyhedralGravity/model/GravityModelDetail.h:9:
In file included from /Users/macos/Desktop/Rust/rustcode/Ryugu_H_Cal/native/esa-build/_deps/thrust-src/thrust/iterator/zip_iterator.h:35:
In file included from /Users/macos/Desktop/Rust/rustcode/Ryugu_H_Cal/native/esa-build/_deps/thrust-src/thrust/iterator/detail/zip_iterator_base.h:21:
In file included from /Users/macos/Desktop/Rust/rustcode/Ryugu_H_Cal/native/esa-build/_deps/thrust-src/thrust/advance.h:139:
In file included from /Users/macos/Desktop/Rust/rustcode/Ryugu_H_Cal/native/esa-build/_deps/thrust-src/thrust/detail/advance.inl:24:
In file included from /Users/macos/Desktop/Rust/rustcode/Ryugu_H_Cal/native/esa-build/_deps/thrust-src/thrust/system/detail/generic/advance.h:39:
In file included from /Users/macos/Desktop/Rust/rustcode/Ryugu_H_Cal/native/esa-build/_deps/thrust-src/thrust/system/detail/generic/advance.inl:19:
In file included from /Users/macos/Desktop/Rust/rustcode/Ryugu_H_Cal/native/esa-build/_deps/thrust-src/thrust/iterator/iterator_traits.h:64:
In file included from /Users/macos/Desktop/Rust/rustcode/Ryugu_H_Cal/native/esa-build/_deps/thrust-src/thrust/iterator/detail/iterator_traits.inl:25:
In file included from /Users/macos/Desktop/Rust/rustcode/Ryugu_H_Cal/native/esa-build/_deps/thrust-src/thrust/iterator/detail/iterator_category_to_traversal.h:22:
In file included from /Users/macos/Desktop/Rust/rustcode/Ryugu_H_Cal/native/esa-build/_deps/thrust-src/thrust/iterator/detail/iterator_category_to_system.h:25:
In file included from /Users/macos/Desktop/Rust/rustcode/Ryugu_H_Cal/native/esa-build/_deps/thrust-src/thrust/detail/type_traits.h:734:
/Users/macos/Desktop/Rust/rustcode/Ryugu_H_Cal/native/esa-build/_deps/thrust-src/thrust/detail/type_traits/has_trivial_assign.h:45:10: warning: builtin __has_trivial_assign is deprecated; use __is_trivially_assignable instead [-Wdeprecated-builtins]
   45 |       || __has_trivial_assign(T)
      |          ^
In file included from /Users/macos/Desktop/Rust/rustcode/Ryugu_H_Cal/vendor/polyhedral-gravity-model/src/polyhedralGravity/model/GravityEvaluable.cpp:1:
In file included from /Users/macos/Desktop/Rust/rustcode/Ryugu_H_Cal/vendor/polyhedral-gravity-model/src/polyhedralGravity/model/GravityEvaluable.h:9:
In file included from /Users/macos/Desktop/Rust/rustcode/Ryugu_H_Cal/native/esa-build/_deps/thrust-src/thrust/transform.h:721:
In file included from /Users/macos/Desktop/Rust/rustcode/Ryugu_H_Cal/native/esa-build/_deps/thrust-src/thrust/detail/transform.inl:25:
In file included from /Users/macos/Desktop/Rust/rustcode/Ryugu_H_Cal/native/esa-build/_deps/thrust-src/thrust/iterator/iterator_traits.h:64:
In file included from /Users/macos/Desktop/Rust/rustcode/Ryugu_H_Cal/native/esa-build/_deps/thrust-src/thrust/iterator/detail/iterator_traits.inl:25:
In file included from /Users/macos/Desktop/Rust/rustcode/Ryugu_H_Cal/native/esa-build/_deps/thrust-src/thrust/iterator/detail/iterator_category_to_traversal.h:22:
In file included from /Users/macos/Desktop/Rust/rustcode/Ryugu_H_Cal/native/esa-build/_deps/thrust-src/thrust/iterator/detail/iterator_category_to_system.h:25:
/Users/macos/Desktop/Rust/rustcode/Ryugu_H_Cal/native/esa-build/_deps/thrust-src/thrust/detail/type_traits.h:147:10: warning: builtin __has_trivial_constructor is deprecated; use __is_trivially_constructible instead [-Wdeprecated-builtins]
  147 |       || __has_trivial_constructor(T)
      |          ^
/Users/macos/Desktop/Rust/rustcode/Ryugu_H_Cal/native/esa-build/_deps/thrust-src/thrust/detail/type_traits.h:163:10: warning: builtin __has_trivial_copy is deprecated; use __is_trivially_copyable instead [-Wdeprecated-builtins]
  163 |       || __has_trivial_copy(T)
      |          ^
In file included from /Users/macos/Desktop/Rust/rustcode/Ryugu_H_Cal/vendor/polyhedral-gravity-model/src/polyhedralGravity/model/GravityEvaluable.cpp:1:
In file included from /Users/macos/Desktop/Rust/rustcode/Ryugu_H_Cal/vendor/polyhedral-gravity-model/src/polyhedralGravity/model/GravityEvaluable.h:9:
In file included from /Users/macos/Desktop/Rust/rustcode/Ryugu_H_Cal/native/esa-build/_deps/thrust-src/thrust/transform.h:721:
In file included from /Users/macos/Desktop/Rust/rustcode/Ryugu_H_Cal/native/esa-build/_deps/thrust-src/thrust/detail/transform.inl:25:
In file included from /Users/macos/Desktop/Rust/rustcode/Ryugu_H_Cal/native/esa-build/_deps/thrust-src/thrust/iterator/iterator_traits.h:64:
In file included from /Users/macos/Desktop/Rust/rustcode/Ryugu_H_Cal/native/esa-build/_deps/thrust-src/thrust/iterator/detail/iterator_traits.inl:25:
In file included from /Users/macos/Desktop/Rust/rustcode/Ryugu_H_Cal/native/esa-build/_deps/thrust-src/thrust/iterator/detail/iterator_category_to_traversal.h:22:
In file included from /Users/macos/Desktop/Rust/rustcode/Ryugu_H_Cal/native/esa-build/_deps/thrust-src/thrust/iterator/detail/iterator_category_to_system.h:25:
In file included from /Users/macos/Desktop/Rust/rustcode/Ryugu_H_Cal/native/esa-build/_deps/thrust-src/thrust/detail/type_traits.h:734:
/Users/macos/Desktop/Rust/rustcode/Ryugu_H_Cal/native/esa-build/_deps/thrust-src/thrust/detail/type_traits/has_trivial_assign.h:45:10: warning: builtin __has_trivial_assign is deprecated; use __is_trivially_assignable instead [-Wdeprecated-builtins]
   45 |       || __has_trivial_assign(T)
      |          ^
In file included from /Users/macos/Desktop/Rust/rustcode/Ryugu_H_Cal/vendor/polyhedral-gravity-model/src/polyhedralGravity/model/GravityModel.cpp:1:
In file included from /Users/macos/Desktop/Rust/rustcode/Ryugu_H_Cal/vendor/polyhedral-gravity-model/src/polyhedralGravity/model/GravityModel.h:6:
In file included from /Users/macos/Desktop/Rust/rustcode/Ryugu_H_Cal/vendor/polyhedral-gravity-model/src/polyhedralGravity/model/GravityEvaluable.h:9:
In file included from /Users/macos/Desktop/Rust/rustcode/Ryugu_H_Cal/native/esa-build/_deps/thrust-src/thrust/transform.h:721:
In file included from /Users/macos/Desktop/Rust/rustcode/Ryugu_H_Cal/native/esa-build/_deps/thrust-src/thrust/detail/transform.inl:25:
In file included from /Users/macos/Desktop/Rust/rustcode/Ryugu_H_Cal/native/esa-build/_deps/thrust-src/thrust/iterator/iterator_traits.h:64:
In file included from /Users/macos/Desktop/Rust/rustcode/Ryugu_H_Cal/native/esa-build/_deps/thrust-src/thrust/iterator/detail/iterator_traits.inl:25:
In file included from /Users/macos/Desktop/Rust/rustcode/Ryugu_H_Cal/native/esa-build/_deps/thrust-src/thrust/iterator/detail/iterator_category_to_traversal.h:22:
In file included from /Users/macos/Desktop/Rust/rustcode/Ryugu_H_Cal/native/esa-build/_deps/thrust-src/thrust/iterator/detail/iterator_category_to_system.h:25:
/Users/macos/Desktop/Rust/rustcode/Ryugu_H_Cal/native/esa-build/_deps/thrust-src/thrust/detail/type_traits.h:147:10: warning: builtin __has_trivial_constructor is deprecated; use __is_trivially_constructible instead [-Wdeprecated-builtins]
  147 |       || __has_trivial_constructor(T)
      |          ^
/Users/macos/Desktop/Rust/rustcode/Ryugu_H_Cal/native/esa-build/_deps/thrust-src/thrust/detail/type_traits.h:163:10: warning: builtin __has_trivial_copy is deprecated; use __is_trivially_copyable instead [-Wdeprecated-builtins]
  163 |       || __has_trivial_copy(T)
      |          ^
In file included from /Users/macos/Desktop/Rust/rustcode/Ryugu_H_Cal/vendor/polyhedral-gravity-model/src/polyhedralGravity/model/GravityModel.cpp:1:
In file included from /Users/macos/Desktop/Rust/rustcode/Ryugu_H_Cal/vendor/polyhedral-gravity-model/src/polyhedralGravity/model/GravityModel.h:6:
In file included from /Users/macos/Desktop/Rust/rustcode/Ryugu_H_Cal/vendor/polyhedral-gravity-model/src/polyhedralGravity/model/GravityEvaluable.h:9:
In file included from /Users/macos/Desktop/Rust/rustcode/Ryugu_H_Cal/native/esa-build/_deps/thrust-src/thrust/transform.h:721:
In file included from /Users/macos/Desktop/Rust/rustcode/Ryugu_H_Cal/native/esa-build/_deps/thrust-src/thrust/detail/transform.inl:25:
In file included from /Users/macos/Desktop/Rust/rustcode/Ryugu_H_Cal/native/esa-build/_deps/thrust-src/thrust/iterator/iterator_traits.h:64:
In file included from /Users/macos/Desktop/Rust/rustcode/Ryugu_H_Cal/native/esa-build/_deps/thrust-src/thrust/iterator/detail/iterator_traits.inl:25:
In file included from /Users/macos/Desktop/Rust/rustcode/Ryugu_H_Cal/native/esa-build/_deps/thrust-src/thrust/iterator/detail/iterator_category_to_traversal.h:22:
In file included from /Users/macos/Desktop/Rust/rustcode/Ryugu_H_Cal/native/esa-build/_deps/thrust-src/thrust/iterator/detail/iterator_category_to_system.h:25:
In file included from /Users/macos/Desktop/Rust/rustcode/Ryugu_H_Cal/native/esa-build/_deps/thrust-src/thrust/detail/type_traits.h:734:
/Users/macos/Desktop/Rust/rustcode/Ryugu_H_Cal/native/esa-build/_deps/thrust-src/thrust/detail/type_traits/has_trivial_assign.h:45:10: warning: builtin __has_trivial_assign is deprecated; use __is_trivially_assignable instead [-Wdeprecated-builtins]
   45 |       || __has_trivial_assign(T)
      |          ^
In file included from /Users/macos/Desktop/Rust/rustcode/Ryugu_H_Cal/vendor/polyhedral-gravity-model/src/polyhedralGravity/input/MeshReader.cpp:1:
In file included from /Users/macos/Desktop/Rust/rustcode/Ryugu_H_Cal/vendor/polyhedral-gravity-model/src/polyhedralGravity/input/MeshReader.h:3:
In file included from /Applications/Xcode.app/Contents/Developer/Platforms/MacOSX.platform/Developer/SDKs/MacOSX.sdk/usr/include/c++/v1/string:654:
In file included from /Applications/Xcode.app/Contents/Developer/Platforms/MacOSX.platform/Developer/SDKs/MacOSX.sdk/usr/include/c++/v1/string_view:221:
/Applications/Xcode.app/Contents/Developer/Platforms/MacOSX.platform/Developer/SDKs/MacOSX.sdk/usr/include/c++/v1/__fwd/string_view.h:22:41: warning: 'char_traits<fmt::detail::char8_type>' is deprecated: char_traits<T> for T not equal to char, wchar_t, char8_t, char16_t or char32_t is non-standard and is provided for a temporary period. It will be removed in a future release, so please migrate off of it. [-Wdeprecated-declarations]
   22 | template <class _CharT, class _Traits = char_traits<_CharT> >
      |                                         ^
/Users/macos/Desktop/Rust/rustcode/Ryugu_H_Cal/native/esa-build/_deps/spdlog-src/include/spdlog/fmt/bundled/core.h:361:26: note: in instantiation of default argument for 'basic_string_view<fmt::detail::char8_type>' required here
  361 | template <typename Char> using std_string_view = std::basic_string_view<Char>;
      |                          ^~~~~
/Users/macos/Desktop/Rust/rustcode/Ryugu_H_Cal/native/esa-build/_deps/spdlog-src/include/spdlog/fmt/bundled/core.h:452:50: note: in instantiation of template type alias 'std_string_view' requested here
  452 |                                       S, detail::std_string_view<Char>>::value)>
      |                                                  ^
/Users/macos/Desktop/Rust/rustcode/Ryugu_H_Cal/native/esa-build/_deps/spdlog-src/include/spdlog/fmt/bundled/core.h:303:48: note: expanded from macro 'FMT_ENABLE_IF'
  303 | #  define FMT_ENABLE_IF(...) fmt::enable_if_t<(__VA_ARGS__), int> = 0
      |                                                ^
/Users/macos/Desktop/Rust/rustcode/Ryugu_H_Cal/native/esa-build/_deps/spdlog-src/include/spdlog/fmt/bundled/format.h:737:57: note: in instantiation of template class 'fmt::basic_string_view<fmt::detail::char8_type>' requested here
  737 | inline auto compute_width(basic_string_view<char8_type> s) -> size_t {
      |                                                         ^
/Applications/Xcode.app/Contents/Developer/Platforms/MacOSX.platform/Developer/SDKs/MacOSX.sdk/usr/include/c++/v1/__fwd/string.h:24:8: note: 'char_traits<fmt::detail::char8_type>' has been explicitly marked deprecated here
   24 | struct _LIBCPP_DEPRECATED_(
      |        ^
/Applications/Xcode.app/Contents/Developer/Platforms/MacOSX.platform/Developer/SDKs/MacOSX.sdk/usr/include/c++/v1/__config:555:53: note: expanded from macro '_LIBCPP_DEPRECATED_'
  555 | #      define _LIBCPP_DEPRECATED_(m) __attribute__((__deprecated__(m)))
      |                                                     ^
In file included from /Users/macos/Desktop/Rust/rustcode/Ryugu_H_Cal/vendor/polyhedral-gravity-model/src/polyhedralGravity/input/TetgenAdapter.cpp:1:
In file included from /Users/macos/Desktop/Rust/rustcode/Ryugu_H_Cal/vendor/polyhedral-gravity-model/src/polyhedralGravity/input/TetgenAdapter.h:5:
In file included from /Applications/Xcode.app/Contents/Developer/Platforms/MacOSX.platform/Developer/SDKs/MacOSX.sdk/usr/include/c++/v1/fstream:198:
In file included from /Applications/Xcode.app/Contents/Developer/Platforms/MacOSX.platform/Developer/SDKs/MacOSX.sdk/usr/include/c++/v1/__filesystem/path.h:27:
In file included from /Applications/Xcode.app/Contents/Developer/Platforms/MacOSX.platform/Developer/SDKs/MacOSX.sdk/usr/include/c++/v1/string:654:
In file included from /Applications/Xcode.app/Contents/Developer/Platforms/MacOSX.platform/Developer/SDKs/MacOSX.sdk/usr/include/c++/v1/string_view:221:
/Applications/Xcode.app/Contents/Developer/Platforms/MacOSX.platform/Developer/SDKs/MacOSX.sdk/usr/include/c++/v1/__fwd/string_view.h:22:41: warning: 'char_traits<fmt::detail::char8_type>' is deprecated: char_traits<T> for T not equal to char, wchar_t, char8_t, char16_t or char32_t is non-standard and is provided for a temporary period. It will be removed in a future release, so please migrate off of it. [-Wdeprecated-declarations]
   22 | template <class _CharT, class _Traits = char_traits<_CharT> >
      |                                         ^
/Users/macos/Desktop/Rust/rustcode/Ryugu_H_Cal/native/esa-build/_deps/spdlog-src/include/spdlog/fmt/bundled/core.h:361:26: note: in instantiation of default argument for 'basic_string_view<fmt::detail::char8_type>' required here
  361 | template <typename Char> using std_string_view = std::basic_string_view<Char>;
      |                          ^~~~~
/Users/macos/Desktop/Rust/rustcode/Ryugu_H_Cal/native/esa-build/_deps/spdlog-src/include/spdlog/fmt/bundled/core.h:452:50: note: in instantiation of template type alias 'std_string_view' requested here
  452 |                                       S, detail::std_string_view<Char>>::value)>
      |                                                  ^
/Users/macos/Desktop/Rust/rustcode/Ryugu_H_Cal/native/esa-build/_deps/spdlog-src/include/spdlog/fmt/bundled/core.h:303:48: note: expanded from macro 'FMT_ENABLE_IF'
  303 | #  define FMT_ENABLE_IF(...) fmt::enable_if_t<(__VA_ARGS__), int> = 0
      |                                                ^
/Users/macos/Desktop/Rust/rustcode/Ryugu_H_Cal/native/esa-build/_deps/spdlog-src/include/spdlog/fmt/bundled/format.h:737:57: note: in instantiation of template class 'fmt::basic_string_view<fmt::detail::char8_type>' requested here
  737 | inline auto compute_width(basic_string_view<char8_type> s) -> size_t {
      |                                                         ^
/Applications/Xcode.app/Contents/Developer/Platforms/MacOSX.platform/Developer/SDKs/MacOSX.sdk/usr/include/c++/v1/__fwd/string.h:24:8: note: 'char_traits<fmt::detail::char8_type>' has been explicitly marked deprecated here
   24 | struct _LIBCPP_DEPRECATED_(
      |        ^
/Applications/Xcode.app/Contents/Developer/Platforms/MacOSX.platform/Developer/SDKs/MacOSX.sdk/usr/include/c++/v1/__config:555:53: note: expanded from macro '_LIBCPP_DEPRECATED_'
  555 | #      define _LIBCPP_DEPRECATED_(m) __attribute__((__deprecated__(m)))
      |                                                     ^
In file included from /Users/macos/Desktop/Rust/rustcode/Ryugu_H_Cal/vendor/polyhedral-gravity-model/src/polyhedralGravity/model/Polyhedron.cpp:1:
In file included from /Users/macos/Desktop/Rust/rustcode/Ryugu_H_Cal/vendor/polyhedral-gravity-model/src/polyhedralGravity/model/Polyhedron.h:3:
In file included from /Users/macos/Desktop/Rust/rustcode/Ryugu_H_Cal/vendor/polyhedral-gravity-model/src/polyhedralGravity/input/MeshReader.h:3:
In file included from /Applications/Xcode.app/Contents/Developer/Platforms/MacOSX.platform/Developer/SDKs/MacOSX.sdk/usr/include/c++/v1/string:654:
In file included from /Applications/Xcode.app/Contents/Developer/Platforms/MacOSX.platform/Developer/SDKs/MacOSX.sdk/usr/include/c++/v1/string_view:221:
/Applications/Xcode.app/Contents/Developer/Platforms/MacOSX.platform/Developer/SDKs/MacOSX.sdk/usr/include/c++/v1/__fwd/string_view.h:22:41: warning: 'char_traits<fmt::detail::char8_type>' is deprecated: char_traits<T> for T not equal to char, wchar_t, char8_t, char16_t or char32_t is non-standard and is provided for a temporary period. It will be removed in a future release, so please migrate off of it. [-Wdeprecated-declarations]
   22 | template <class _CharT, class _Traits = char_traits<_CharT> >
      |                                         ^
/Users/macos/Desktop/Rust/rustcode/Ryugu_H_Cal/native/esa-build/_deps/spdlog-src/include/spdlog/fmt/bundled/core.h:361:26: note: in instantiation of default argument for 'basic_string_view<fmt::detail::char8_type>' required here
  361 | template <typename Char> using std_string_view = std::basic_string_view<Char>;
      |                          ^~~~~
/Users/macos/Desktop/Rust/rustcode/Ryugu_H_Cal/native/esa-build/_deps/spdlog-src/include/spdlog/fmt/bundled/core.h:452:50: note: in instantiation of template type alias 'std_string_view' requested here
  452 |                                       S, detail::std_string_view<Char>>::value)>
      |                                                  ^
/Users/macos/Desktop/Rust/rustcode/Ryugu_H_Cal/native/esa-build/_deps/spdlog-src/include/spdlog/fmt/bundled/core.h:303:48: note: expanded from macro 'FMT_ENABLE_IF'
  303 | #  define FMT_ENABLE_IF(...) fmt::enable_if_t<(__VA_ARGS__), int> = 0
      |                                                ^
/Users/macos/Desktop/Rust/rustcode/Ryugu_H_Cal/native/esa-build/_deps/spdlog-src/include/spdlog/fmt/bundled/format.h:737:57: note: in instantiation of template class 'fmt::basic_string_view<fmt::detail::char8_type>' requested here
  737 | inline auto compute_width(basic_string_view<char8_type> s) -> size_t {
      |                                                         ^
/Applications/Xcode.app/Contents/Developer/Platforms/MacOSX.platform/Developer/SDKs/MacOSX.sdk/usr/include/c++/v1/__fwd/string.h:24:8: note: 'char_traits<fmt::detail::char8_type>' has been explicitly marked deprecated here
   24 | struct _LIBCPP_DEPRECATED_(
      |        ^
/Applications/Xcode.app/Contents/Developer/Platforms/MacOSX.platform/Developer/SDKs/MacOSX.sdk/usr/include/c++/v1/__config:555:53: note: expanded from macro '_LIBCPP_DEPRECATED_'
  555 | #      define _LIBCPP_DEPRECATED_(m) __attribute__((__deprecated__(m)))
      |                                                     ^
[ 96%] Building CXX object src/polyhedralGravity/CMakeFiles/polyhedralGravity_lib.dir/output/CSVWriter.cpp.o
In file included from /Users/macos/Desktop/Rust/rustcode/Ryugu_H_Cal/vendor/polyhedral-gravity-model/src/polyhedralGravity/input/YAMLConfigReader.cpp:1:
In file included from /Users/macos/Desktop/Rust/rustcode/Ryugu_H_Cal/vendor/polyhedral-gravity-model/src/polyhedralGravity/input/YAMLConfigReader.h:3:
In file included from /Users/macos/Desktop/Rust/rustcode/Ryugu_H_Cal/vendor/polyhedral-gravity-model/src/polyhedralGravity/input/ConfigSource.h:3:
In file included from /Applications/Xcode.app/Contents/Developer/Platforms/MacOSX.platform/Developer/SDKs/MacOSX.sdk/usr/include/c++/v1/string:654:
In file included from /Applications/Xcode.app/Contents/Developer/Platforms/MacOSX.platform/Developer/SDKs/MacOSX.sdk/usr/include/c++/v1/string_view:221:
/Applications/Xcode.app/Contents/Developer/Platforms/MacOSX.platform/Developer/SDKs/MacOSX.sdk/usr/include/c++/v1/__fwd/string_view.h:22:41: warning: 'char_traits<fmt::detail::char8_type>' is deprecated: char_traits<T> for T not equal to char, wchar_t, char8_t, char16_t or char32_t is non-standard and is provided for a temporary period. It will be removed in a future release, so please migrate off of it. [-Wdeprecated-declarations]
   22 | template <class _CharT, class _Traits = char_traits<_CharT> >
      |                                         ^
/Users/macos/Desktop/Rust/rustcode/Ryugu_H_Cal/native/esa-build/_deps/spdlog-src/include/spdlog/fmt/bundled/core.h:361:26: note: in instantiation of default argument for 'basic_string_view<fmt::detail::char8_type>' required here
  361 | template <typename Char> using std_string_view = std::basic_string_view<Char>;
      |                          ^~~~~
/Users/macos/Desktop/Rust/rustcode/Ryugu_H_Cal/native/esa-build/_deps/spdlog-src/include/spdlog/fmt/bundled/core.h:452:50: note: in instantiation of template type alias 'std_string_view' requested here
  452 |                                       S, detail::std_string_view<Char>>::value)>
      |                                                  ^
/Users/macos/Desktop/Rust/rustcode/Ryugu_H_Cal/native/esa-build/_deps/spdlog-src/include/spdlog/fmt/bundled/core.h:303:48: note: expanded from macro 'FMT_ENABLE_IF'
  303 | #  define FMT_ENABLE_IF(...) fmt::enable_if_t<(__VA_ARGS__), int> = 0
      |                                                ^
/Users/macos/Desktop/Rust/rustcode/Ryugu_H_Cal/native/esa-build/_deps/spdlog-src/include/spdlog/fmt/bundled/format.h:737:57: note: in instantiation of template class 'fmt::basic_string_view<fmt::detail::char8_type>' requested here
  737 | inline auto compute_width(basic_string_view<char8_type> s) -> size_t {
      |                                                         ^
/Applications/Xcode.app/Contents/Developer/Platforms/MacOSX.platform/Developer/SDKs/MacOSX.sdk/usr/include/c++/v1/__fwd/string.h:24:8: note: 'char_traits<fmt::detail::char8_type>' has been explicitly marked deprecated here
   24 | struct _LIBCPP_DEPRECATED_(
      |        ^
/Applications/Xcode.app/Contents/Developer/Platforms/MacOSX.platform/Developer/SDKs/MacOSX.sdk/usr/include/c++/v1/__config:555:53: note: expanded from macro '_LIBCPP_DEPRECATED_'
  555 | #      define _LIBCPP_DEPRECATED_(m) __attribute__((__deprecated__(m)))
      |                                                     ^
In file included from /Users/macos/Desktop/Rust/rustcode/Ryugu_H_Cal/vendor/polyhedral-gravity-model/src/polyhedralGravity/model/Polyhedron.cpp:1:
In file included from /Users/macos/Desktop/Rust/rustcode/Ryugu_H_Cal/vendor/polyhedral-gravity-model/src/polyhedralGravity/model/Polyhedron.h:10:
In file included from /Users/macos/Desktop/Rust/rustcode/Ryugu_H_Cal/native/esa-build/_deps/thrust-src/thrust/copy.h:510:
In file included from /Users/macos/Desktop/Rust/rustcode/Ryugu_H_Cal/native/esa-build/_deps/thrust-src/thrust/detail/copy.h:90:
In file included from /Users/macos/Desktop/Rust/rustcode/Ryugu_H_Cal/native/esa-build/_deps/thrust-src/thrust/detail/copy.inl:20:
In file included from /Users/macos/Desktop/Rust/rustcode/Ryugu_H_Cal/native/esa-build/_deps/thrust-src/thrust/system/detail/generic/select_system.h:22:
/Users/macos/Desktop/Rust/rustcode/Ryugu_H_Cal/native/esa-build/_deps/thrust-src/thrust/detail/type_traits.h:147:10: warning: builtin __has_trivial_constructor is deprecated; use __is_trivially_constructible instead [-Wdeprecated-builtins]
  147 |       || __has_trivial_constructor(T)
      |          ^
/Users/macos/Desktop/Rust/rustcode/Ryugu_H_Cal/native/esa-build/_deps/thrust-src/thrust/detail/type_traits.h:163:10: warning: builtin __has_trivial_copy is deprecated; use __is_trivially_copyable instead [-Wdeprecated-builtins]
  163 |       || __has_trivial_copy(T)
      |          ^
In file included from /Users/macos/Desktop/Rust/rustcode/Ryugu_H_Cal/vendor/polyhedral-gravity-model/src/polyhedralGravity/model/Polyhedron.cpp:1:
In file included from /Users/macos/Desktop/Rust/rustcode/Ryugu_H_Cal/vendor/polyhedral-gravity-model/src/polyhedralGravity/model/Polyhedron.h:10:
In file included from /Users/macos/Desktop/Rust/rustcode/Ryugu_H_Cal/native/esa-build/_deps/thrust-src/thrust/copy.h:510:
In file included from /Users/macos/Desktop/Rust/rustcode/Ryugu_H_Cal/native/esa-build/_deps/thrust-src/thrust/detail/copy.h:90:
In file included from /Users/macos/Desktop/Rust/rustcode/Ryugu_H_Cal/native/esa-build/_deps/thrust-src/thrust/detail/copy.inl:20:
In file included from /Users/macos/Desktop/Rust/rustcode/Ryugu_H_Cal/native/esa-build/_deps/thrust-src/thrust/system/detail/generic/select_system.h:22:
In file included from /Users/macos/Desktop/Rust/rustcode/Ryugu_H_Cal/native/esa-build/_deps/thrust-src/thrust/detail/type_traits.h:734:
/Users/macos/Desktop/Rust/rustcode/Ryugu_H_Cal/native/esa-build/_deps/thrust-src/thrust/detail/type_traits/has_trivial_assign.h:45:10: warning: builtin __has_trivial_assign is deprecated; use __is_trivially_assignable instead [-Wdeprecated-builtins]
   45 |       || __has_trivial_assign(T)
      |          ^
In file included from /Users/macos/Desktop/Rust/rustcode/Ryugu_H_Cal/vendor/polyhedral-gravity-model/src/polyhedralGravity/output/CSVWriter.cpp:1:
In file included from /Users/macos/Desktop/Rust/rustcode/Ryugu_H_Cal/vendor/polyhedral-gravity-model/src/polyhedralGravity/output/CSVWriter.h:3:
In file included from /Applications/Xcode.app/Contents/Developer/Platforms/MacOSX.platform/Developer/SDKs/MacOSX.sdk/usr/include/c++/v1/iostream:45:
In file included from /Applications/Xcode.app/Contents/Developer/Platforms/MacOSX.platform/Developer/SDKs/MacOSX.sdk/usr/include/c++/v1/ios:228:
In file included from /Applications/Xcode.app/Contents/Developer/Platforms/MacOSX.platform/Developer/SDKs/MacOSX.sdk/usr/include/c++/v1/__locale:28:
In file included from /Applications/Xcode.app/Contents/Developer/Platforms/MacOSX.platform/Developer/SDKs/MacOSX.sdk/usr/include/c++/v1/string:654:
In file included from /Applications/Xcode.app/Contents/Developer/Platforms/MacOSX.platform/Developer/SDKs/MacOSX.sdk/usr/include/c++/v1/string_view:221:
/Applications/Xcode.app/Contents/Developer/Platforms/MacOSX.platform/Developer/SDKs/MacOSX.sdk/usr/include/c++/v1/__fwd/string_view.h:22:41: warning: 'char_traits<fmt::detail::char8_type>' is deprecated: char_traits<T> for T not equal to char, wchar_t, char8_t, char16_t or char32_t is non-standard and is provided for a temporary period. It will be removed in a future release, so please migrate off of it. [-Wdeprecated-declarations]
   22 | template <class _CharT, class _Traits = char_traits<_CharT> >
      |                                         ^
/Users/macos/Desktop/Rust/rustcode/Ryugu_H_Cal/native/esa-build/_deps/spdlog-src/include/spdlog/fmt/bundled/core.h:361:26: note: in instantiation of default argument for 'basic_string_view<fmt::detail::char8_type>' required here
  361 | template <typename Char> using std_string_view = std::basic_string_view<Char>;
      |                          ^~~~~
/Users/macos/Desktop/Rust/rustcode/Ryugu_H_Cal/native/esa-build/_deps/spdlog-src/include/spdlog/fmt/bundled/core.h:452:50: note: in instantiation of template type alias 'std_string_view' requested here
  452 |                                       S, detail::std_string_view<Char>>::value)>
      |                                                  ^
/Users/macos/Desktop/Rust/rustcode/Ryugu_H_Cal/native/esa-build/_deps/spdlog-src/include/spdlog/fmt/bundled/core.h:303:48: note: expanded from macro 'FMT_ENABLE_IF'
  303 | #  define FMT_ENABLE_IF(...) fmt::enable_if_t<(__VA_ARGS__), int> = 0
      |                                                ^
/Users/macos/Desktop/Rust/rustcode/Ryugu_H_Cal/native/esa-build/_deps/spdlog-src/include/spdlog/fmt/bundled/format.h:737:57: note: in instantiation of template class 'fmt::basic_string_view<fmt::detail::char8_type>' requested here
  737 | inline auto compute_widthIn file included from /Users/macos/Desktop/Rust/rustcode/Ryugu_H_Cal/vendor/polyhedral-gravity-model/src/polyhedralGravity/model/GravityEvaluable.cpp:1:
In file included from /Users/macos/Desktop/Rust/rustcode/Ryugu_H_Cal/vendor/polyhedral-gravity-model/src/polyhedralGravity/model/GravityEvaluable.h:5:
In file included from /Applications/Xcode.app/Contents/Developer/Platforms/MacOSX.platform/Developer/SDKs/MacOSX.sdk/usr/include/c++/v1/string:654:
In file included from /Applications/Xcode.app/Contents/Developer/Platforms/MacOSX.platform/Developer/SDKs/MacOSX.sdk/usr/include/c++/v1/string_view:221:
/Applications/Xcode.app/Contents/Developer/Platforms/MacOSX.platform/Developer/SDKs/MacOSX.sdk/usr/include/c++/v1/__fwd/string_view.h:22:41: warning: 'char_traits<fmt::detail::char8_type>' is deprecated: char_traits<T> for T not equal to char, wchar_t, char8_t, char16_t or char32_t is non-standard and is provided for a temporary period. It will be removed in a future release, so please migrate off of it. [-Wdeprecated-declarations]
   22 | template <class _CharT, class _Traits = char_traits<_CharT> >
      |                                         ^
/Users/macos/Desktop/Rust/rustcode/Ryugu_H_Cal/native/esa-build/_deps/spdlog-src/include/spdlog/fmt/bundled/core.h:361:26: note: in instantiation of default argument for 'basic_string_view<fmt::detail::char8_type>' required here
  361 | template <typename Char> using std_string_view = std::basic_string_view<Char>;
      |                          ^~~~~
/Users/macos/Desktop/Rust/rustcode/Ryugu_H_Cal/native/esa-build/_deps/spdlog-src/include/spdlog/fmt/bundled/core.h:452:50: note: in instantiation of template type alias 'std_string_view' requested here
  452 |                                       S, detail::std_string_view<Char>>::value)>
      |                                                  ^
/Users/macos/Desktop/Rust/rustcode/Ryugu_H_Cal/native/esa-build/_deps/spdlog-src/include/spdlog/fmt/bundled/core.h:303:48: note: expanded from macro 'FMT_ENABLE_IF'
  303 | #  define FMT_ENABLE_IF(...) fmt::enable_if_t<(__VA_ARGS__), int> = 0
      |                                                ^
/Users/macos/Desktop/Rust/rustcode/Ryugu_H_Cal/native/esa-build/_deps/spdlog-src/include/spdlog/fmt/bundled/format.h:737:57: note: in instantiation of template class 'fmt::basic_string_view<fmt::detail::char8_type>' requested here
  737 | inline auto compute_width(basic_string_view<char8_type> s) -> size_t {
      |                                                         ^
/Applications/Xcode.app/Contents/Developer/Platforms/MacOSX.platform/Developer/SDKs/MacOSX.sdk/usr/include/c++/v1/__fwd/string.h:24:8: note: 'char_traits<fmt::detail::char8_type>' has been explicitly marked deprecated here
   24 | struct _LIBCPP_DEPRECATED_(
      |        ^
/Applications/Xcode.app/Contents/Developer/Platforms/MacOSX.platform/Developer/SDKs/MacOSX.sdk/usr/include/c++/v1/__config:555:53: note: expanded from macro '_LIBCPP_DEPRECATED_'
  555 | #      define _LIBCPP_DEPRECATED_(m) __attribute__((__deprecated__(m)))
      |                                                     ^
(basic_string_view<char8_type> s) -> size_t {
      |                                                         ^
/Applications/Xcode.app/Contents/Developer/Platforms/MacOSX.platform/Developer/SDKs/MacOSX.sdk/usr/include/c++/v1/__fwd/string.h:24:8: note: 'char_traits<fmt::detail::char8_type>' has been explicitly marked deprecated here
   24 | struct _LIBCPP_DEPRECATED_(
      |        ^
/Applications/Xcode.app/Contents/Developer/Platforms/MacOSX.platform/Developer/SDKs/MacOSX.sdk/usr/include/c++/v1/__config:555:53: note: expanded from macro '_LIBCPP_DEPRECATED_'
  555 | #      define _LIBCPP_DEPRECATED_(m) __attribute__((__deprecated__(m)))
      |                                                     ^
1 warning generated.
In file included from /Users/macos/Desktop/Rust/rustcode/Ryugu_H_Cal/vendor/polyhedral-gravity-model/src/polyhedralGravity/model/GravityModelDetail.cpp:1:
In file included from /Users/macos/Desktop/Rust/rustcode/Ryugu_H_Cal/vendor/polyhedral-gravity-model/src/polyhedralGravity/model/GravityModelDetail.h:5:
In file included from /Applications/Xcode.app/Contents/Developer/Platforms/MacOSX.platform/Developer/SDKs/MacOSX.sdk/usr/include/c++/v1/vector:363:
In file included from /Applications/Xcode.app/Contents/Developer/Platforms/MacOSX.platform/Developer/SDKs/MacOSX.sdk/usr/include/c++/v1/locale:197:
In file included from /Applications/Xcode.app/Contents/Developer/Platforms/MacOSX.platform/Developer/SDKs/MacOSX.sdk/usr/include/c++/v1/__locale:28:
In file included from /Applications/Xcode.app/Contents/Developer/Platforms/MacOSX.platform/Developer/SDKs/MacOSX.sdk/usr/include/c++/v1/string:654:
In file included from /Applications/Xcode.app/Contents/Developer/Platforms/MacOSX.platform/Developer/SDKs/MacOSX.sdk/usr/include/c++/v1/string_view:221:
/Applications/Xcode.app/Contents/Developer/Platforms/MacOSX.platform/Developer/SDKs/MacOSX.sdk/usr/include/c++/v1/__fwd/string_view.h:22:41: warning: 'char_traits<fmt::detail::char8_type>' is deprecated: char_traits<T> for T not equal to char, wchar_t, char8_t, char16_t or char32_t is non-standard and is provided for a temporary period. It will be removed in a future release, so please migrate off of it. [-Wdeprecated-declarations]
   22 | template <class _CharT, class _Traits = char_traits<_CharT> >
      |                                         ^
/Users/macos/Desktop/Rust/rustcode/Ryugu_H_Cal/native/esa-build/_deps/spdlog-src/include/spdlog/fmt/bundled/core.h:361:26: note: in instantiation of default argument for 'basic_string_view<fmt::detail::char8_type>' required here
  361 | template <typename Char> using std_string_view = std::basic_string_view<Char>;
      |                          ^~~~~
/Users/macos/Desktop/Rust/rustcode/Ryugu_H_Cal/native/esa-build/_deps/spdlog-src/include/spdlog/fmt/bundled/core.h:452:50: note: in instantiation of template type alias 'std_string_view' requested here
  452 |                                       S, detail::std_string_view<Char>>::value)>
      |                                                  ^
/Users/macos/Desktop/Rust/rustcode/Ryugu_H_Cal/native/esa-build/_deps/spdlog-src/include/spdlog/fmt/bundled/core.h:303:48: note: expanded from macro 'FMT_ENABLE_IF'
  303 | #  define FMT_ENABLE_IF(...) fmt::enable_if_t<(__VA_ARGS__), int> = 0
      |                                                ^
/Users/macos/Desktop/Rust/rustcode/Ryugu_H_Cal/native/esa-build/_deps/spdlog-src/include/spdlog/fmt/bundled/format.h:737:57: note: in instantiation of template class 'fmt::basic_string_view<fmt::detail::char8_type>' requested here
  737 | inline auto compute_width(basic_string_view<char8_type> s) -> size_t {
      |                                                         ^
/Applications/Xcode.app/Contents/Developer/Platforms/MacOSX.platform/Developer/SDKs/MacOSX.sdk/usr/include/c++/v1/__fwd/string.h:24:8: note: 'char_traits<fmt::detail::char8_type>' has been explicitly marked deprecated here
   24 | struct _LIBCPP_DEPRECATED_(
      |        ^
/Applications/Xcode.app/Contents/Developer/Platforms/MacOSX.platform/Developer/SDKs/MacOSX.sdk/usr/include/c++/v1/__config:555:53: note: expanded from macro '_LIBCPP_DEPRECATED_'
  555 | #      define _LIBCPP_DEPRECATED_(m) __attribute__((__deprecated__(m)))
      |                                                     ^
In file included from /Users/macos/Desktop/Rust/rustcode/Ryugu_H_Cal/vendor/polyhedral-gravity-model/src/polyhedralGravity/model/Polyhedron.cpp:1:
In file included from /Users/macos/Desktop/Rust/rustcode/Ryugu_H_Cal/vendor/polyhedral-gravity-model/src/polyhedralGravity/model/Polyhedron.h:10:
In file included from /Users/macos/Desktop/Rust/rustcode/Ryugu_H_Cal/native/esa-build/_deps/thrust-src/thrust/copy.h:510:
In file included from /Users/macos/Desktop/Rust/rustcode/Ryugu_H_Cal/native/esa-build/_deps/thrust-src/thrust/detail/copy.h:90:
In file included from /Users/macos/Desktop/Rust/rustcode/Ryugu_H_Cal/native/esa-build/_deps/thrust-src/thrust/detail/copy.inl:20:
In file included from /Users/macos/Desktop/Rust/rustcode/Ryugu_H_Cal/native/esa-build/_deps/thrust-src/thrust/system/detail/generic/select_system.h:22:
/Users/macos/Desktop/Rust/rustcode/Ryugu_H_Cal/native/esa-build/_deps/thrust-src/thrust/detail/type_traits.h:163:10: warning: builtin __has_trivial_copy is deprecated; use __is_trivially_copyable instead [-Wdeprecated-builtins]
  163 |       || __has_trivial_copy(T)
      |          ^
/Users/macos/Desktop/Rust/rustcode/Ryugu_H_Cal/native/esa-build/_deps/thrust-src/thrust/system/detail/generic/uninitialized_fill.inl:126:5: note: in instantiation of template class 'thrust::detail::has_trivial_copy_constructor<bool>' requested here
  126 |     ValueTypeHasTrivialCopyConstructor());
      |     ^
/Users/macos/Desktop/Rust/rustcode/Ryugu_H_Cal/native/esa-build/_deps/thrust-src/thrust/detail/uninitialized_fill.inl:55:10: note: in instantiation of function template specialization 'thrust::system::detail::generic::uninitialized_fill_n<thrust::system::cpp::detail::tag, thrust::device_ptr<bool>, unsigned long, bool>' requested here
   55 |   return uninitialized_fill_n(thrust::detail::derived_cast(thrust::detail::strip_const(exec)), first, n, x);
      |          ^
/Users/macos/Desktop/Rust/rustcode/Ryugu_H_Cal/native/esa-build/_deps/thrust-src/thrust/detail/allocator/fill_construct_range.inl:95:11: note: in instantiation of function template specialization 'thrust::uninitialized_fill_n<thrust::system::cpp::detail::tag, thrust::device_ptr<bool>, unsigned long, bool>' requested here
   95 |   thrust::uninitialized_fill_n(allocator_system<Allocator>::get(a), p, n, value);
      |           ^
/Users/macos/Desktop/Rust/rustcode/Ryugu_H_Cal/native/esa-build/_deps/thrust-src/thrust/detail/allocator/fill_construct_range.inl:106:35: note: in instantiation of function template specialization 'thrust::detail::allocator_traits_detail::fill_construct_range<thrust::device_allocator<bool>, thrust::device_ptr<bool>, unsigned long, bool>' requested here
  106 |   return allocator_traits_detail::fill_construct_range(a,p,n,value);
      |                                   ^
/Users/macos/Desktop/Rust/rustcode/Ryugu_H_Cal/native/esa-build/_deps/thrust-src/thrust/detail/contiguous_storage.inl:262:3: note: in instantiation of function template specialization 'thrust::detail::fill_construct_range<thrust::device_allocator<bool>, thrust::device_ptr<bool>, unsigned long, bool>' requested here
  262 |   fill_construct_range(m_allocator, first.base(), n, x);
      |   ^
/Users/macos/Desktop/Rust/rustcode/Ryugu_H_Cal/native/esa-build/_deps/thrust-src/thrust/detail/vector_base.inl:233:15: note: in instantiation of member function 'thrust::detail::contiguous_storage<bool, thrust::device_allocator<bool>>::uninitialized_fill_n' requested here
  233 |     m_storage.uninitialized_fill_n(begin(), size(), x);
      |               ^
/Users/macos/Desktop/Rust/rustcode/Ryugu_H_Cal/native/esa-build/_deps/thrust-src/thrust/detail/vector_base.inl:83:3: note: in instantiation of member function 'thrust::detail::vector_base<bool, thrust::device_allocator<bool>>::fill_init' requested here
   83 |   fill_init(n,value);
      |   ^
/Users/macos/Desktop/Rust/rustcode/Ryugu_H_Cal/native/esa-build/_deps/thrust-src/thrust/device_vector.h:105:8: note: in instantiation of member function 'thrust::detail::vector_base<bool, thrust::device_allocator<bool>>::vector_base' requested here
  105 |       :Parent(n,value) {}
      |        ^
/Users/macos/Desktop/Rust/rustcode/Ryugu_H_Cal/vendor/polyhedral-gravity-model/src/polyhedralGravity/model/Polyhedron.cpp:139:37: note: in instantiation of member function 'thrust::device_vector<bool>::device_vector' requested here
  139 |         thrust::device_vector<bool> violatingBoolOutwards(n, false);
      |                                     ^
[ 98%] Building CXX object src/polyhedralGravity/CMakeFiles/polyhedralGravity_lib.dir/output/Logging.cpp.o
In file included from /Users/macos/Desktop/Rust/rustcode/Ryugu_H_Cal/vendor/polyhedral-gravity-model/src/polyhedralGravity/model/GravityModel.cpp:1:
In file included from /Users/macos/Desktop/Rust/rustcode/Ryugu_H_Cal/vendor/polyhedral-gravity-model/src/polyhedralGravity/model/GravityModel.h:4:
In file included from /Applications/Xcode.app/Contents/Developer/Platforms/MacOSX.platform/Developer/SDKs/MacOSX.sdk/usr/include/c++/v1/vector:363:
In file included from /Applications/Xcode.app/Contents/Developer/Platforms/MacOSX.platform/Developer/SDKs/MacOSX.sdk/usr/include/c++/v1/locale:197:
In file included from /Applications/Xcode.app/Contents/Developer/Platforms/MacOSX.platform/Developer/SDKs/MacOSX.sdk/usr/include/c++/v1/__locale:28:
In file included from /Applications/Xcode.app/Contents/Developer/Platforms/MacOSX.platform/Developer/SDKs/MacOSX.sdk/usr/include/c++/v1/string:654:
In file included from /Applications/Xcode.app/Contents/Developer/Platforms/MacOSX.platform/Developer/SDKs/MacOSX.sdk/usr/include/c++/v1/string_view:221:
/Applications/Xcode.app/Contents/Developer/Platforms/MacOSX.platform/Developer/SDKs/MacOSX.sdk/usr/include/c++/v1/__fwd/string_view.h:22:41: warning: 'char_traits<fmt::detail::char8_type>' is deprecated: char_traits<T> for T not equal to char, wchar_t, char8_t, char16_t or char32_t is non-standard and is provided for a temporary period. It will be removed in a future release, so please migrate off of it. [-Wdeprecated-declarations]
   22 | template <class _CharT, class _Traits = char_traits<_CharT> >
      |                                         ^
/Users/macos/Desktop/Rust/rustcode/Ryugu_H_Cal/native/esa-build/_deps/spdlog-src/include/spdlog/fmt/bundled/core.h:361:26: note: in instantiation of default argument for 'basic_string_view<fmt::detail::char8_type>' required here
  361 | template <typename Char> using std_string_view = std::basic_string_view<Char>;
      |                          ^~~~~
/Users/macos/Desktop/Rust/rustcode/Ryugu_H_Cal/native/esa-build/_deps/spdlog-src/include/spdlog/fmt/bundled/core.h:452:50: note: in instantiation of template type alias 'std_string_view' requested here
  452 |                                       S, detail::std_string_view<Char>>::value)>
      |                                                  ^
/Users/macos/Desktop/Rust/rustcode/Ryugu_H_Cal/native/esa-build/_deps/spdlog-src/include/spdlog/fmt/bundled/core.h:303:48: note: expanded from macro 'FMT_ENABLE_IF'
  303 | #  define FMT_ENABLE_IF(...) fmt::enable_if_t<(__VA_ARGS__), int> = 0
      |                                                ^
/Users/macos/Desktop/Rust/rustcode/Ryugu_H_Cal/native/esa-build/_deps/spdlog-src/include/spdlog/fmt/bundled/format.h:737:57: note: in instantiation of template class 'fmt::basic_string_view<fmt::detail::char8_type>' requested here
  737 | inline auto compute_width(basic_string_view<char8_type> s) -> size_t {
      |                                                         ^
/Applications/Xcode.app/Contents/Developer/Platforms/MacOSX.platform/Developer/SDKs/MacOSX.sdk/usr/include/c++/v1/__fwd/string.h:24:8: note: 'char_traits<fmt::detail::char8_type>' has been explicitly marked deprecated here
   24 | struct _LIBCPP_DEPRECATED_(
      |        ^
/Applications/Xcode.app/Contents/Developer/Platforms/MacOSX.platform/Developer/SDKs/MacOSX.sdk/usr/include/c++/v1/__config:555:53: note: expanded from macro '_LIBCPP_DEPRECATED_'
  555 | #      define _LIBCPP_DEPRECATED_(m) __attribute__((__deprecated__(m)))
      |                                                     ^
1 warning generated.
[100%] Building CXX object src/polyhedralGravity/CMakeFiles/polyhedralGravity_lib.dir/util/UtilityFloatArithmetic.cpp.o
5 warnings generated.
In file included from /Users/macos/Desktop/Rust/rustcode/Ryugu_H_Cal/vendor/polyhedral-gravity-model/src/polyhedralGravity/output/Logging.cpp:1:
In file included from /Users/macos/Desktop/Rust/rustcode/Ryugu_H_Cal/vendor/polyhedral-gravity-model/src/polyhedralGravity/output/Logging.h:4:
In file included from /Users/macos/Desktop/Rust/rustcode/Ryugu_H_Cal/native/esa-build/_deps/spdlog-src/include/spdlog/spdlog.h:12:
In file included from /Users/macos/Desktop/Rust/rustcode/Ryugu_H_Cal/native/esa-build/_deps/spdlog-src/include/spdlog/common.h:10:
In file included from /Applications/Xcode.app/Contents/Developer/Platforms/MacOSX.platform/Developer/SDKs/MacOSX.sdk/usr/include/c++/v1/chrono:1107:
In file included from /Applications/Xcode.app/Contents/Developer/Platforms/MacOSX.platform/Developer/SDKs/MacOSX.sdk/usr/include/c++/v1/string_view:221:
/Applications/Xcode.app/Contents/Developer/Platforms/MacOSX.platform/Developer/SDKs/MacOSX.sdk/usr/include/c++/v1/__fwd/string_view.h:22:41: warning: 'char_traits<fmt::detail::char8_type>' is deprecated: char_traits<T> for T not equal to char, wchar_t, char8_t, char16_t or char32_t is non-standard and is provided for a temporary period. It will be removed in a future release, so please migrate off of it. [-Wdeprecated-declarations]
   22 | template <class _CharT, class _Traits = char_traits<_CharT> >
      |                                         ^
/Users/macos/Desktop/Rust/rustcode/Ryugu_H_Cal/native/esa-build/_deps/spdlog-src/include/spdlog/fmt/bundled/core.h:361:26: note: in instantiation of default argument for 'basic_string_view<fmt::detail::char8_type>' required here
  361 | template <typename Char> using std_string_view = std::basic_string_view<Char>;
      |                          ^~~~~
/Users/macos/Desktop/Rust/rustcode/Ryugu_H_Cal/native/esa-build/_deps/spdlog-src/include/spdlog/fmt/bundled/core.h:452:50: note: in instantiation of template type alias 'std_string_view' requested here
  452 |                                       S, detail::std_string_view<Char>>::value)>
      |                                                  ^
/Users/macos/Desktop/Rust/rustcode/Ryugu_H_Cal/native/esa-build/_deps/spdlog-src/include/spdlog/fmt/bundled/core.h:303:48: note: expanded from macro 'FMT_ENABLE_IF'
  303 | #  define FMT_ENABLE_IF(...) fmt::enable_if_t<(__VA_ARGS__), int> = 0
      |                                                ^
/Users/macos/Desktop/Rust/rustcode/Ryugu_H_Cal/native/esa-build/_deps/spdlog-src/include/spdlog/fmt/bundled/format.h:737:57: note: in instantiation of template class 'fmt::basic_string_view<fmt::detail::char8_type>' requested here
  737 | inline auto compute_width(basic_string_view<char8_type> s) -> size_t {
      |                                                         ^
/Applications/Xcode.app/Contents/Developer/Platforms/MacOSX.platform/Developer/SDKs/MacOSX.sdk/usr/include/c++/v1/__fwd/string.h:24:8: note: 'char_traits<fmt::detail::char8_type>' has been explicitly marked deprecated here
   24 | struct _LIBCPP_DEPRECATED_(
      |        ^
/Applications/Xcode.app/Contents/Developer/Platforms/MacOSX.platform/Developer/SDKs/MacOSX.sdk/usr/include/c++/v1/__config:555:53: note: expanded from macro '_LIBCPP_DEPRECATED_'
  555 | #      define _LIBCPP_DEPRECATED_(m) __attribute__((__deprecated__(m)))
      |                                                     ^
1 warning generated.
4 warnings generated.
4 warnings generated.
1 warning generated.
1 warning generated.
4 warnings generated.
[100%] Built target polyhedralGravity_lib
