-- Using Apple Clang compiler. Defining _VSTD=std.
-- #################################################################
-- Polyhedral Gravity Version          3.3.1
-- Polyhedral Gravity Commit Hash      899c8205
-- Polyhedral Parallelization Backend  CPP
-- Polyhedral Gravity Logging Level    WARN
-- #################################################################
-- Polyhedral Gravity Documentation    OFF
-- Polyhedral Gravity Library          ON
-- Polyhedral Gravity C++ Executable   OFF
-- Polyhedral Gravity Python Interface OFF
-- Polyhedral Gravity Tests            OFF
-- #################################################################
-- Setting up thrust
-- Found existing thrust installation: /Users/macos/Desktop/Rust/rustcode/Ryugu_H_Cal/native/esa-build/_deps/thrust-src/thrust/cmake
-- Setting up spdlog
-- Using Spdlog Library from GitHub Release 1.14.1
-- Build spdlog: 1.14.1
-- Build type: Release
-- Setting up tetgen
CMake Warning (deprecated) at /Users/macos/Desktop/Rust/rustcode/Ryugu_H_Cal/native/esa-build/_deps/tetgen-src/CMakeLists.txt:1 (cmake_minimum_required):
  Compatibility with CMake < 3.10 will be removed from a future version of
  CMake.

  Update the VERSION argument <min> value.  Or, use the <min>...<max> syntax
  to tell CMake that the project requires at least <min> but has been updated
  to work with policies introduced by <max> or earlier.
This warning is for project developers.  Use -Wno-author or -Wno-deprecated
to suppress it.

-- Creating modified tetgen.cxx in order to prevent console output from library
-- Setting up xsimd Library
-- Using xsimd Library from GitHub Release 11.1.0
CMake Warning (deprecated) at /Users/macos/Desktop/Rust/rustcode/Ryugu_H_Cal/native/esa-build/_deps/xsimd-src/CMakeLists.txt:12 (cmake_minimum_required):
  Compatibility with CMake < 3.10 will be removed from a future version of
  CMake.

  Update the VERSION argument <min> value.  Or, use the <min>...<max> syntax
  to tell CMake that the project requires at least <min> but has been updated
  to work with policies introduced by <max> or earlier.
This warning is for project developers.  Use -Wno-author or -Wno-deprecated
to suppress it.

-- xsimd v11.0.1
-- clang-format found. You can format all source files via `cmake --build . --target format`
-- cmake-format not found. Please install it to use cmake-format via CMake
-- Set Parallelization: HOST CPP DEVICE CPP
-- Building the Polyhedral Gravity Library
-- Setting up yaml-cpp
-- Using yaml-cpp from GitHub Release 0.8.0
CMake Warning (deprecated) at /Users/macos/Desktop/Rust/rustcode/Ryugu_H_Cal/native/esa-build/_deps/yaml-cpp-src/CMakeLists.txt:2 (cmake_minimum_required):
  Compatibility with CMake < 3.10 will be removed from a future version of
  CMake.

  Update the VERSION argument <min> value.  Or, use the <min>...<max> syntax
  to tell CMake that the project requires at least <min> but has been updated
  to work with policies introduced by <max> or earlier.
This warning is for project developers.  Use -Wno-author or -Wno-deprecated
to suppress it.

-- Configuring done (8.3s)
-- Generating done (0.1s)
-- Build files have been written to: /Users/macos/Desktop/Rust/rustcode/Ryugu_H_Cal/native/esa-build
